Oct 21 08:41:07 ip-172-31-27-233 kernel: [    0.000000] Linux version 6.2.0-1012-aws (buildd@lcy02-amd64-005) (x86_64-linux-gnu-gcc-11 (Ubuntu 11.4.0-1ubuntu1~22.04) 11.4.0, GNU ld (GNU Binutils for Ubuntu) 2.38) #12~22.04.1-Ubuntu SMP Thu Sep  7 14:01:24 UTC 2023 (Ubuntu 6.2.0-1012.12~22.04.1-aws 6.2.16)
Oct 21 08:41:07 ip-172-31-27-233 kernel: [    0.000000] Command line: BOOT_IMAGE=/boot/vmlinuz-6.2.0-1012-aws root=PARTUUID=46c86054-7e35-44ae-9907-238b983b8fbe ro console=tty1 console=ttyS0 nvme_core.io_timeout=4294967295 panic=-1
Oct 21 08:41:07 ip-172-31-27-233 kernel: [    0.000000] KERNEL supported cpus:
Oct 21 08:41:07 ip-172-31-27-233 kernel: [    0.000000]   Intel GenuineIntel
Oct 21 08:41:07 ip-172-31-27-233 kernel: [    0.000000]   AMD AuthenticAMD
Oct 21 08:41:07 ip-172-31-27-233 kernel: [    0.000000]   Hygon HygonGenuine
Oct 21 08:41:07 ip-172-31-27-233 kernel: [    0.000000]   Centaur CentaurHauls
Oct 21 08:41:07 ip-172-31-27-233 kernel: [    0.000000]   zhaoxin   Shanghai  
Oct 21 08:41:07 ip-172-31-27-233 kernel: [    0.000000] BIOS-provided physical RAM map:
Oct 21 08:41:07 ip-172-31-27-233 kernel: [    0.000000] BIOS-e820: [mem 0x0000000000000000-0x000000000009dfff] usable
Oct 21 08:41:07 ip-172-31-27-233 kernel: [    0.000000] BIOS-e820: [mem 0x000000000009e000-0x000000000009ffff] reserved
Oct 21 08:41:07 ip-172-31-27-233 kernel: [    0.000000] BIOS-e820: [mem 0x00000000000e0000-0x00000000000fffff] reserved
Oct 21 08:41:07 ip-172-31-27-233 kernel: [    0.000000] BIOS-e820: [mem 0x0000000000100000-0x000000003fffffff] usable
Oct 21 08:41:07 ip-172-31-27-233 kernel: [    0.000000] BIOS-e820: [mem 0x00000000fc000000-0x00000000ffffffff] reserved
Oct 21 08:41:07 ip-172-31-27-233 kernel: [    0.000000] NX (Execute Disable) protection: active
Oct 21 08:41:07 ip-172-31-27-233 kernel: [    0.000000] SMBIOS 2.7 present.
Oct 21 08:41:07 ip-172-31-27-233 kernel: [    0.000000] DMI: Xen HVM domU, BIOS 4.11.amazon 08/24/2006
Oct 21 08:41:07 ip-172-31-27-233 kernel: [    0.000000] Hypervisor detected: Xen HVM
Oct 21 08:41:07 ip-172-31-27-233 kernel: [    0.000000] Xen version 4.11.
Oct 21 08:41:07 ip-172-31-27-233 kernel: [    0.000000] platform_pci_unplug: Netfront and the Xen platform PCI driver have been compiled for this kernel: unplug emulated NICs.
Oct 21 08:41:07 ip-172-31-27-233 kernel: [    0.000000] platform_pci_unplug: Blkfront and the Xen platform PCI driver have been compiled for this kernel: unplug emulated disks.
Oct 21 08:41:07 ip-172-31-27-233 kernel: [    0.000000] You might have to change the root device
Oct 21 08:41:07 ip-172-31-27-233 kernel: [    0.000000] from /dev/hd[a-d] to /dev/xvd[a-d]
Oct 21 08:41:07 ip-172-31-27-233 kernel: [    0.000000] in your root= kernel command line option
Oct 21 08:41:07 ip-172-31-27-233 kernel: [    0.000008] HVMOP_pagetable_dying not supported
Oct 21 08:41:07 ip-172-31-27-233 kernel: [    0.021694] tsc: Fast TSC calibration using PIT
Oct 21 08:41:07 ip-172-31-27-233 kernel: [    0.021696] tsc: Detected 2300.087 MHz processor
Oct 21 08:41:07 ip-172-31-27-233 kernel: [    0.021698] tsc: Detected 2300.010 MHz TSC
Oct 21 08:41:07 ip-172-31-27-233 kernel: [    0.022197] e820: update [mem 0x00000000-0x00000fff] usable ==> reserved
Oct 21 08:41:07 ip-172-31-27-233 kernel: [    0.022202] e820: remove [mem 0x000a0000-0x000fffff] usable
Oct 21 08:41:07 ip-172-31-27-233 kernel: [    0.022208] last_pfn = 0x40000 max_arch_pfn = 0x400000000
Oct 21 08:41:07 ip-172-31-27-233 kernel: [    0.022245] x86/PAT: Configuration [0-7]: WB  WC  UC- UC  WB  WP  UC- WT  
Oct 21 08:41:07 ip-172-31-27-233 kernel: [    0.029911] found SMP MP-table at [mem 0x000fb9a0-0x000fb9af]
Oct 21 08:41:07 ip-172-31-27-233 kernel: [    0.029999] RAMDISK: [mem 0x3720d000-0x378fdfff]
Oct 21 08:41:07 ip-172-31-27-233 kernel: [    0.030004] ACPI: Early table checksum verification disabled
Oct 21 08:41:07 ip-172-31-27-233 kernel: [    0.030009] ACPI: RSDP 0x00000000000EA020 000024 (v02 Xen   )
Oct 21 08:41:07 ip-172-31-27-233 kernel: [    0.030014] ACPI: XSDT 0x00000000FC00C780 000054 (v01 Xen    HVM      00000000 HVML 00000000)
Oct 21 08:41:07 ip-172-31-27-233 kernel: [    0.030020] ACPI: FACP 0x00000000FC00C440 0000F4 (v04 Xen    HVM      00000000 HVML 00000000)
Oct 21 08:41:07 ip-172-31-27-233 kernel: [    0.030027] ACPI: DSDT 0x00000000FC003940 008A7E (v02 Xen    HVM      00000000 INTL 20090123)
Oct 21 08:41:07 ip-172-31-27-233 kernel: [    0.030031] ACPI: FACS 0x00000000FC003900 000040
Oct 21 08:41:07 ip-172-31-27-233 kernel: [    0.030034] ACPI: FACS 0x00000000FC003900 000040
Oct 21 08:41:07 ip-172-31-27-233 kernel: [    0.030038] ACPI: APIC 0x00000000FC00C540 0000D8 (v02 Xen    HVM      00000000 HVML 00000000)
Oct 21 08:41:07 ip-172-31-27-233 kernel: [    0.030041] ACPI: HPET 0x00000000FC00C690 000038 (v01 Xen    HVM      00000000 HVML 00000000)
Oct 21 08:41:07 ip-172-31-27-233 kernel: [    0.030045] ACPI: WAET 0x00000000FC00C6D0 000028 (v01 Xen    HVM      00000000 HVML 00000000)
Oct 21 08:41:07 ip-172-31-27-233 kernel: [    0.030048] ACPI: SSDT 0x00000000FC00C700 000031 (v02 Xen    HVM      00000000 INTL 20090123)
Oct 21 08:41:07 ip-172-31-27-233 kernel: [    0.030052] ACPI: SSDT 0x00000000FC00C740 000033 (v02 Xen    HVM      00000000 INTL 20090123)
Oct 21 08:41:07 ip-172-31-27-233 kernel: [    0.030055] ACPI: Reserving FACP table memory at [mem 0xfc00c440-0xfc00c533]
Oct 21 08:41:07 ip-172-31-27-233 kernel: [    0.030057] ACPI: Reserving DSDT table memory at [mem 0xfc003940-0xfc00c3bd]
Oct 21 08:41:07 ip-172-31-27-233 kernel: [    0.030058] ACPI: Reserving FACS table memory at [mem 0xfc003900-0xfc00393f]
Oct 21 08:41:07 ip-172-31-27-233 kernel: [    0.030059] ACPI: Reserving FACS table memory at [mem 0xfc003900-0xfc00393f]
Oct 21 08:41:07 ip-172-31-27-233 kernel: [    0.030060] ACPI: Reserving APIC table memory at [mem 0xfc00c540-0xfc00c617]
Oct 21 08:41:07 ip-172-31-27-233 kernel: [    0.030061] ACPI: Reserving HPET table memory at [mem 0xfc00c690-0xfc00c6c7]
Oct 21 08:41:07 ip-172-31-27-233 kernel: [    0.030062] ACPI: Reserving WAET table memory at [mem 0xfc00c6d0-0xfc00c6f7]
Oct 21 08:41:07 ip-172-31-27-233 kernel: [    0.030063] ACPI: Reserving SSDT table memory at [mem 0xfc00c700-0xfc00c730]
Oct 21 08:41:07 ip-172-31-27-233 kernel: [    0.030064] ACPI: Reserving SSDT table memory at [mem 0xfc00c740-0xfc00c772]
Oct 21 08:41:07 ip-172-31-27-233 kernel: [    0.032363] No NUMA configuration found
Oct 21 08:41:07 ip-172-31-27-233 kernel: [    0.032364] Faking a node at [mem 0x0000000000000000-0x000000003fffffff]
Oct 21 08:41:07 ip-172-31-27-233 kernel: [    0.032376] NODE_DATA(0) allocated [mem 0x3ffd5000-0x3fffffff]
Oct 21 08:41:07 ip-172-31-27-233 kernel: [    0.032595] Zone ranges:
Oct 21 08:41:07 ip-172-31-27-233 kernel: [    0.032596]   DMA      [mem 0x0000000000001000-0x0000000000ffffff]
Oct 21 08:41:07 ip-172-31-27-233 kernel: [    0.032598]   DMA32    [mem 0x0000000001000000-0x000000003fffffff]
Oct 21 08:41:07 ip-172-31-27-233 kernel: [    0.032600]   Normal   empty
Oct 21 08:41:07 ip-172-31-27-233 kernel: [    0.032601]   Device   empty
Oct 21 08:41:07 ip-172-31-27-233 kernel: [    0.032602] Movable zone start for each node
Oct 21 08:41:07 ip-172-31-27-233 kernel: [    0.032605] Early memory node ranges
Oct 21 08:41:07 ip-172-31-27-233 kernel: [    0.032606]   node   0: [mem 0x0000000000001000-0x000000000009dfff]
Oct 21 08:41:07 ip-172-31-27-233 kernel: [    0.032607]   node   0: [mem 0x0000000000100000-0x000000003fffffff]
Oct 21 08:41:07 ip-172-31-27-233 kernel: [    0.032610] Initmem setup node 0 [mem 0x0000000000001000-0x000000003fffffff]
Oct 21 08:41:07 ip-172-31-27-233 kernel: [    0.032615] On node 0, zone DMA: 1 pages in unavailable ranges
Oct 21 08:41:07 ip-172-31-27-233 kernel: [    0.032657] On node 0, zone DMA: 98 pages in unavailable ranges
Oct 21 08:41:07 ip-172-31-27-233 kernel: [    0.039086] ACPI: PM-Timer IO Port: 0xb008
Oct 21 08:41:07 ip-172-31-27-233 kernel: [    0.039146] IOAPIC[0]: apic_id 1, version 17, address 0xfec00000, GSI 0-47
Oct 21 08:41:07 ip-172-31-27-233 kernel: [    0.039150] ACPI: INT_SRC_OVR (bus 0 bus_irq 0 global_irq 2 dfl dfl)
Oct 21 08:41:07 ip-172-31-27-233 kernel: [    0.039152] ACPI: INT_SRC_OVR (bus 0 bus_irq 5 global_irq 5 low level)
Oct 21 08:41:07 ip-172-31-27-233 kernel: [    0.039153] ACPI: INT_SRC_OVR (bus 0 bus_irq 10 global_irq 10 low level)
Oct 21 08:41:07 ip-172-31-27-233 kernel: [    0.039155] ACPI: INT_SRC_OVR (bus 0 bus_irq 11 global_irq 11 low level)
Oct 21 08:41:07 ip-172-31-27-233 kernel: [    0.039160] ACPI: Using ACPI (MADT) for SMP configuration information
Oct 21 08:41:07 ip-172-31-27-233 kernel: [    0.039161] ACPI: HPET id: 0x8086a201 base: 0xfed00000
Oct 21 08:41:07 ip-172-31-27-233 kernel: [    0.039164] TSC deadline timer available
Oct 21 08:41:07 ip-172-31-27-233 kernel: [    0.039172] smpboot: Allowing 15 CPUs, 14 hotplug CPUs
Oct 21 08:41:07 ip-172-31-27-233 kernel: [    0.039180] PM: hibernation: Registered nosave memory: [mem 0x00000000-0x00000fff]
Oct 21 08:41:07 ip-172-31-27-233 kernel: [    0.039183] PM: hibernation: Registered nosave memory: [mem 0x0009e000-0x0009ffff]
Oct 21 08:41:07 ip-172-31-27-233 kernel: [    0.039184] PM: hibernation: Registered nosave memory: [mem 0x000a0000-0x000dffff]
Oct 21 08:41:07 ip-172-31-27-233 kernel: [    0.039185] PM: hibernation: Registered nosave memory: [mem 0x000e0000-0x000fffff]
Oct 21 08:41:07 ip-172-31-27-233 kernel: [    0.039187] [mem 0x40000000-0xfbffffff] available for PCI devices
Oct 21 08:41:07 ip-172-31-27-233 kernel: [    0.039189] Booting paravirtualized kernel on Xen HVM
Oct 21 08:41:07 ip-172-31-27-233 kernel: [    0.039191] clocksource: refined-jiffies: mask: 0xffffffff max_cycles: 0xffffffff, max_idle_ns: 7645519600211568 ns
Oct 21 08:41:07 ip-172-31-27-233 kernel: [    0.039200] setup_percpu: NR_CPUS:8192 nr_cpumask_bits:15 nr_cpu_ids:15 nr_node_ids:1
Oct 21 08:41:07 ip-172-31-27-233 kernel: [    0.040204] percpu: Embedded 62 pages/cpu s217088 r8192 d28672 u262144
Oct 21 08:41:07 ip-172-31-27-233 kernel: [    0.040209] pcpu-alloc: s217088 r8192 d28672 u262144 alloc=1*2097152
Oct 21 08:41:07 ip-172-31-27-233 kernel: [    0.040212] pcpu-alloc: [0] 00 01 02 03 04 05 06 07 [0] 08 09 10 11 12 13 14 -- 
Oct 21 08:41:07 ip-172-31-27-233 kernel: [    0.040256] xen: PV spinlocks enabled
Oct 21 08:41:07 ip-172-31-27-233 kernel: [    0.040258] PV qspinlock hash table entries: 256 (order: 0, 4096 bytes, linear)
Oct 21 08:41:07 ip-172-31-27-233 kernel: [    0.040264] Fallback order for Node 0: 0 
Oct 21 08:41:07 ip-172-31-27-233 kernel: [    0.040267] Built 1 zonelists, mobility grouping on.  Total pages: 257792
Oct 21 08:41:07 ip-172-31-27-233 kernel: [    0.040269] Policy zone: DMA32
Oct 21 08:41:07 ip-172-31-27-233 kernel: [    0.040270] Kernel command line: BOOT_IMAGE=/boot/vmlinuz-6.2.0-1012-aws root=PARTUUID=46c86054-7e35-44ae-9907-238b983b8fbe ro console=tty1 console=ttyS0 nvme_core.io_timeout=4294967295 panic=-1
Oct 21 08:41:07 ip-172-31-27-233 kernel: [    0.040345] Unknown kernel command line parameters "BOOT_IMAGE=/boot/vmlinuz-6.2.0-1012-aws", will be passed to user space.
Oct 21 08:41:07 ip-172-31-27-233 kernel: [    0.040370] random: crng init done
Oct 21 08:41:07 ip-172-31-27-233 kernel: [    0.040522] Dentry cache hash table entries: 131072 (order: 8, 1048576 bytes, linear)
Oct 21 08:41:07 ip-172-31-27-233 kernel: [    0.040593] Inode-cache hash table entries: 65536 (order: 7, 524288 bytes, linear)
Oct 21 08:41:07 ip-172-31-27-233 kernel: [    0.040805] mem auto-init: stack:off, heap alloc:on, heap free:off
Oct 21 08:41:07 ip-172-31-27-233 kernel: [    0.042783] Memory: 956696K/1048180K available (20480K kernel code, 4152K rwdata, 12776K rodata, 4852K init, 17452K bss, 91224K reserved, 0K cma-reserved)
Oct 21 08:41:07 ip-172-31-27-233 kernel: [    0.042971] SLUB: HWalign=64, Order=0-3, MinObjects=0, CPUs=15, Nodes=1
Oct 21 08:41:07 ip-172-31-27-233 kernel: [    0.042986] Kernel/User page tables isolation: enabled
Oct 21 08:41:07 ip-172-31-27-233 kernel: [    0.043029] ftrace: allocating 53652 entries in 210 pages
Oct 21 08:41:07 ip-172-31-27-233 kernel: [    0.043115] ftrace section at ffffffff8766f180 sorted properly
Oct 21 08:41:07 ip-172-31-27-233 kernel: [    0.054615] ftrace: allocated 210 pages with 4 groups
Oct 21 08:41:07 ip-172-31-27-233 kernel: [    0.054805] rcu: Hierarchical RCU implementation.
Oct 21 08:41:07 ip-172-31-27-233 kernel: [    0.054807] rcu: 	RCU restricting CPUs from NR_CPUS=8192 to nr_cpu_ids=15.
Oct 21 08:41:07 ip-172-31-27-233 kernel: [    0.054808] 	Rude variant of Tasks RCU enabled.
Oct 21 08:41:07 ip-172-31-27-233 kernel: [    0.054809] 	Tracing variant of Tasks RCU enabled.
Oct 21 08:41:07 ip-172-31-27-233 kernel: [    0.054810] rcu: RCU calculated value of scheduler-enlistment delay is 25 jiffies.
Oct 21 08:41:07 ip-172-31-27-233 kernel: [    0.054811] rcu: Adjusting geometry for rcu_fanout_leaf=16, nr_cpu_ids=15
Oct 21 08:41:07 ip-172-31-27-233 kernel: [    0.057858] NR_IRQS: 524544, nr_irqs: 952, preallocated irqs: 16
Oct 21 08:41:07 ip-172-31-27-233 kernel: [    0.057895] xen:events: Using 2-level ABI
Oct 21 08:41:07 ip-172-31-27-233 kernel: [    0.057958] xen:events: Xen HVM callback vector for event delivery is enabled
Oct 21 08:41:07 ip-172-31-27-233 kernel: [    0.058127] rcu: srcu_init: Setting srcu_struct sizes based on contention.
Oct 21 08:41:07 ip-172-31-27-233 kernel: [    0.103497] Console: colour VGA+ 80x25
Oct 21 08:41:07 ip-172-31-27-233 kernel: [    0.103504] printk: console [tty1] enabled
Oct 21 08:41:07 ip-172-31-27-233 kernel: [    0.218480] Cannot get hvm parameter CONSOLE_EVTCHN (18): -22!
Oct 21 08:41:07 ip-172-31-27-233 kernel: [    0.219308] printk: console [ttyS0] enabled
Oct 21 08:41:07 ip-172-31-27-233 kernel: [    0.725986] ACPI: Core revision 20221020
Oct 21 08:41:07 ip-172-31-27-233 kernel: [    0.728908] clocksource: hpet: mask: 0xffffffff max_cycles: 0xffffffff, max_idle_ns: 30580167144 ns
Oct 21 08:41:07 ip-172-31-27-233 kernel: [    0.734500] APIC: Switch to symmetric I/O mode setup
Oct 21 08:41:07 ip-172-31-27-233 kernel: [    0.738695] x2apic enabled
Oct 21 08:41:07 ip-172-31-27-233 kernel: [    0.741451] Switched APIC routing to physical x2apic.
Oct 21 08:41:07 ip-172-31-27-233 kernel: [    0.747382] ..TIMER: vector=0x30 apic1=0 pin1=2 apic2=0 pin2=0
Oct 21 08:41:07 ip-172-31-27-233 kernel: [    0.768173] clocksource: tsc-early: mask: 0xffffffffffffffff max_cycles: 0x21273e86978, max_idle_ns: 440795214360 ns
Oct 21 08:41:07 ip-172-31-27-233 kernel: [    0.780180] Calibrating delay loop (skipped), value calculated using timer frequency.. 4600.02 BogoMIPS (lpj=9200040)
Oct 21 08:41:07 ip-172-31-27-233 kernel: [    0.790044] Last level iTLB entries: 4KB 64, 2MB 8, 4MB 8
Oct 21 08:41:07 ip-172-31-27-233 kernel: [    0.797466] Last level dTLB entries: 4KB 64, 2MB 0, 4MB 0, 1GB 4
Oct 21 08:41:07 ip-172-31-27-233 kernel: [    0.805651] Spectre V1 : Mitigation: usercopy/swapgs barriers and __user pointer sanitization
Oct 21 08:41:07 ip-172-31-27-233 kernel: [    0.813723] Spectre V2 : Mitigation: Retpolines
Oct 21 08:41:07 ip-172-31-27-233 kernel: [    0.820177] Spectre V2 : Spectre v2 / SpectreRSB mitigation: Filling RSB on context switch
Oct 21 08:41:07 ip-172-31-27-233 kernel: [    0.825544] Spectre V2 : Spectre v2 / SpectreRSB : Filling RSB on VMEXIT
Oct 21 08:41:07 ip-172-31-27-233 kernel: [    0.833528] Speculative Store Bypass: Vulnerable
Oct 21 08:41:07 ip-172-31-27-233 kernel: [    0.837358] MDS: Vulnerable: Clear CPU buffers attempted, no microcode
Oct 21 08:41:07 ip-172-31-27-233 kernel: [    0.845505] MMIO Stale Data: Vulnerable: Clear CPU buffers attempted, no microcode
Oct 21 08:41:07 ip-172-31-27-233 kernel: [    0.856191] x86/fpu: Supporting XSAVE feature 0x001: 'x87 floating point registers'
Oct 21 08:41:07 ip-172-31-27-233 kernel: [    0.864177] x86/fpu: Supporting XSAVE feature 0x002: 'SSE registers'
Oct 21 08:41:07 ip-172-31-27-233 kernel: [    0.869426] x86/fpu: Supporting XSAVE feature 0x004: 'AVX registers'
Oct 21 08:41:07 ip-172-31-27-233 kernel: [    0.877304] x86/fpu: xstate_offset[2]:  576, xstate_sizes[2]:  256
Oct 21 08:41:07 ip-172-31-27-233 kernel: [    0.884177] x86/fpu: Enabled xstate features 0x7, context size is 832 bytes, using 'standard' format.
Oct 21 08:41:07 ip-172-31-27-233 kernel: [    0.922185] pid_max: default: 32768 minimum: 301
Oct 21 08:41:07 ip-172-31-27-233 kernel: [    0.925269] LSM: initializing lsm=lockdown,capability,landlock,yama,integrity,apparmor
Oct 21 08:41:07 ip-172-31-27-233 kernel: [    0.932185] landlock: Up and running.
Oct 21 08:41:07 ip-172-31-27-233 kernel: [    0.934486] Yama: becoming mindful.
Oct 21 08:41:07 ip-172-31-27-233 kernel: [    0.936834] AppArmor: AppArmor initialized
Oct 21 08:41:07 ip-172-31-27-233 kernel: [    0.940229] Mount-cache hash table entries: 2048 (order: 2, 16384 bytes, linear)
Oct 21 08:41:07 ip-172-31-27-233 kernel: [    1.088186] Mountpoint-cache hash table entries: 2048 (order: 2, 16384 bytes, linear)
Oct 21 08:41:07 ip-172-31-27-233 kernel: [    1.093508] clocksource: xen: mask: 0xffffffffffffffff max_cycles: 0x1cd42e4dffb, max_idle_ns: 881590591483 ns
Oct 21 08:41:07 ip-172-31-27-233 kernel: [    1.100194] Xen: using vcpuop timer interface
Oct 21 08:41:07 ip-172-31-27-233 kernel: [    1.100204] installing Xen timer for CPU 0
Oct 21 08:41:07 ip-172-31-27-233 kernel: [    1.103236] smpboot: CPU0: Intel(R) Xeon(R) CPU E5-2686 v4 @ 2.30GHz (family: 0x6, model: 0x4f, stepping: 0x1)
Oct 21 08:41:07 ip-172-31-27-233 kernel: [    1.105263] cpu 0 spinlock event irq 53
Oct 21 08:41:07 ip-172-31-27-233 kernel: [    1.109109] cblist_init_generic: Setting adjustable number of callback queues.
Oct 21 08:41:07 ip-172-31-27-233 kernel: [    1.112181] cblist_init_generic: Setting shift to 4 and lim to 1.
Oct 21 08:41:07 ip-172-31-27-233 kernel: [    1.116989] cblist_init_generic: Setting shift to 4 and lim to 1.
Oct 21 08:41:07 ip-172-31-27-233 kernel: [    1.120970] Performance Events: unsupported p6 CPU model 79 no PMU driver, software events only.
Oct 21 08:41:07 ip-172-31-27-233 kernel: [    1.125134] signal: max sigframe size: 1776
Oct 21 08:41:07 ip-172-31-27-233 kernel: [    1.128889] rcu: Hierarchical SRCU implementation.
Oct 21 08:41:07 ip-172-31-27-233 kernel: [    1.132863] rcu: 	Max phase no-delay instances is 1000.
Oct 21 08:41:07 ip-172-31-27-233 kernel: [    1.137235] NMI watchdog: Perf NMI watchdog permanently disabled
Oct 21 08:41:07 ip-172-31-27-233 kernel: [    1.141239] smp: Bringing up secondary CPUs ...
Oct 21 08:41:07 ip-172-31-27-233 kernel: [    1.144909] smp: Brought up 1 node, 1 CPU
Oct 21 08:41:07 ip-172-31-27-233 kernel: [    1.148857] smpboot: Max logical packages: 15
Oct 21 08:41:07 ip-172-31-27-233 kernel: [    1.152869] smpboot: Total of 1 processors activated (4600.02 BogoMIPS)
Oct 21 08:41:07 ip-172-31-27-233 kernel: [    1.157308] devtmpfs: initialized
Oct 21 08:41:07 ip-172-31-27-233 kernel: [    1.161079] x86/mm: Memory block size: 128MB
Oct 21 08:41:07 ip-172-31-27-233 kernel: [    1.165352] clocksource: jiffies: mask: 0xffffffff max_cycles: 0xffffffff, max_idle_ns: 7645041785100000 ns
Oct 21 08:41:07 ip-172-31-27-233 kernel: [    1.169435] futex hash table entries: 4096 (order: 6, 262144 bytes, linear)
Oct 21 08:41:07 ip-172-31-27-233 kernel: [    1.173223] pinctrl core: initialized pinctrl subsystem
Oct 21 08:41:07 ip-172-31-27-233 kernel: [    1.177071] PM: RTC time: 08:40:54, date: 2023-10-21
Oct 21 08:41:07 ip-172-31-27-233 kernel: [    1.181780] NET: Registered PF_NETLINK/PF_ROUTE protocol family
Oct 21 08:41:07 ip-172-31-27-233 kernel: [    1.185110] DMA: preallocated 128 KiB GFP_KERNEL pool for atomic allocations
Oct 21 08:41:07 ip-172-31-27-233 kernel: [    1.189132] DMA: preallocated 128 KiB GFP_KERNEL|GFP_DMA pool for atomic allocations
Oct 21 08:41:07 ip-172-31-27-233 kernel: [    1.193185] DMA: preallocated 128 KiB GFP_KERNEL|GFP_DMA32 pool for atomic allocations
Oct 21 08:41:07 ip-172-31-27-233 kernel: [    1.197209] audit: initializing netlink subsys (disabled)
Oct 21 08:41:07 ip-172-31-27-233 kernel: [    1.201196] thermal_sys: Registered thermal governor 'fair_share'
Oct 21 08:41:07 ip-172-31-27-233 kernel: [    1.201199] thermal_sys: Registered thermal governor 'bang_bang'
Oct 21 08:41:07 ip-172-31-27-233 kernel: [    1.205075] audit: type=2000 audit(1697877654.866:1): state=initialized audit_enabled=0 res=1
Oct 21 08:41:07 ip-172-31-27-233 kernel: [    1.213183] thermal_sys: Registered thermal governor 'step_wise'
Oct 21 08:41:07 ip-172-31-27-233 kernel: [    1.213185] thermal_sys: Registered thermal governor 'user_space'
Oct 21 08:41:07 ip-172-31-27-233 kernel: [    1.216994] thermal_sys: Registered thermal governor 'power_allocator'
Oct 21 08:41:07 ip-172-31-27-233 kernel: [    1.221035] EISA bus registered
Oct 21 08:41:07 ip-172-31-27-233 kernel: [    1.228842] cpuidle: using governor ladder
Oct 21 08:41:07 ip-172-31-27-233 kernel: [    1.232913] cpuidle: using governor menu
Oct 21 08:41:07 ip-172-31-27-233 kernel: [    1.236959] acpiphp: ACPI Hot Plug PCI Controller Driver version: 0.5
Oct 21 08:41:07 ip-172-31-27-233 kernel: [    1.241377] PCI: Using configuration type 1 for base access
Oct 21 08:41:07 ip-172-31-27-233 kernel: [    1.245121] kprobes: kprobe jump-optimization is enabled. All kprobes are optimized if possible.
Oct 21 08:41:07 ip-172-31-27-233 kernel: [    1.321592] HugeTLB: registered 2.00 MiB page size, pre-allocated 0 pages
Oct 21 08:41:07 ip-172-31-27-233 kernel: [    1.325045] HugeTLB: 28 KiB vmemmap can be freed for a 2.00 MiB page
Oct 21 08:41:07 ip-172-31-27-233 kernel: [    1.337062] ACPI: Added _OSI(Module Device)
Oct 21 08:41:07 ip-172-31-27-233 kernel: [    1.340955] ACPI: Added _OSI(Processor Device)
Oct 21 08:41:07 ip-172-31-27-233 kernel: [    1.344859] ACPI: Added _OSI(3.0 _SCP Extensions)
Oct 21 08:41:07 ip-172-31-27-233 kernel: [    1.352195] ACPI: Added _OSI(Processor Aggregator Device)
Oct 21 08:41:07 ip-172-31-27-233 kernel: [    1.369334] ACPI: 3 ACPI AML tables successfully acquired and loaded
Oct 21 08:41:07 ip-172-31-27-233 kernel: [    1.373678] xen: --> pirq=16 -> irq=9 (gsi=9)
Oct 21 08:41:07 ip-172-31-27-233 kernel: [    1.377061] ACPI: Interpreter enabled
Oct 21 08:41:07 ip-172-31-27-233 kernel: [    1.380873] ACPI: PM: (supports S0 S4 S5)
Oct 21 08:41:07 ip-172-31-27-233 kernel: [    1.385432] ACPI: Using IOAPIC for interrupt routing
Oct 21 08:41:07 ip-172-31-27-233 kernel: [    1.390046] PCI: Using host bridge windows from ACPI; if necessary, use "pci=nocrs" and report a bug
Oct 21 08:41:07 ip-172-31-27-233 kernel: [    1.393228] PCI: Using E820 reservations for host bridge windows
Oct 21 08:41:07 ip-172-31-27-233 kernel: [    1.397484] ACPI: Enabled 2 GPEs in block 00 to 0F
Oct 21 08:41:07 ip-172-31-27-233 kernel: [    1.457949] ACPI: PCI Root Bridge [PCI0] (domain 0000 [bus 00-ff])
Oct 21 08:41:07 ip-172-31-27-233 kernel: [    1.461122] acpi PNP0A03:00: _OSC: OS supports [ASPM ClockPM Segments MSI EDR HPX-Type3]
Oct 21 08:41:07 ip-172-31-27-233 kernel: [    1.465366] acpi PNP0A03:00: _OSC: not requesting OS control; OS requires [ExtendedConfig ASPM ClockPM MSI]
Oct 21 08:41:07 ip-172-31-27-233 kernel: [    1.469371] acpi PNP0A03:00: fail to add MMCONFIG information, can't access extended configuration space under this bridge
Oct 21 08:41:07 ip-172-31-27-233 kernel: [    1.485045] acpiphp: Slot [0] registered
Oct 21 08:41:07 ip-172-31-27-233 kernel: [    1.492243] acpiphp: Slot [3] registered
Oct 21 08:41:07 ip-172-31-27-233 kernel: [    1.497298] acpiphp: Slot [4] registered
Oct 21 08:41:07 ip-172-31-27-233 kernel: [    1.501286] acpiphp: Slot [5] registered
Oct 21 08:41:07 ip-172-31-27-233 kernel: [    1.505348] acpiphp: Slot [6] registered
Oct 21 08:41:07 ip-172-31-27-233 kernel: [    1.509473] acpiphp: Slot [7] registered
Oct 21 08:41:07 ip-172-31-27-233 kernel: [    1.513377] acpiphp: Slot [8] registered
Oct 21 08:41:07 ip-172-31-27-233 kernel: [    1.517385] acpiphp: Slot [9] registered
Oct 21 08:41:07 ip-172-31-27-233 kernel: [    1.521336] acpiphp: Slot [10] registered
Oct 21 08:41:07 ip-172-31-27-233 kernel: [    1.525377] acpiphp: Slot [11] registered
Oct 21 08:41:07 ip-172-31-27-233 kernel: [    1.529446] acpiphp: Slot [12] registered
Oct 21 08:41:07 ip-172-31-27-233 kernel: [    1.533454] acpiphp: Slot [13] registered
Oct 21 08:41:07 ip-172-31-27-233 kernel: [    1.537405] acpiphp: Slot [14] registered
Oct 21 08:41:07 ip-172-31-27-233 kernel: [    1.541358] acpiphp: Slot [15] registered
Oct 21 08:41:07 ip-172-31-27-233 kernel: [    1.545342] acpiphp: Slot [16] registered
Oct 21 08:41:07 ip-172-31-27-233 kernel: [    1.549359] acpiphp: Slot [17] registered
Oct 21 08:41:07 ip-172-31-27-233 kernel: [    1.553350] acpiphp: Slot [18] registered
Oct 21 08:41:07 ip-172-31-27-233 kernel: [    1.557394] acpiphp: Slot [19] registered
Oct 21 08:41:07 ip-172-31-27-233 kernel: [    1.561400] acpiphp: Slot [20] registered
Oct 21 08:41:07 ip-172-31-27-233 kernel: [    1.565333] acpiphp: Slot [21] registered
Oct 21 08:41:07 ip-172-31-27-233 kernel: [    1.569406] acpiphp: Slot [22] registered
Oct 21 08:41:07 ip-172-31-27-233 kernel: [    1.576249] acpiphp: Slot [23] registered
Oct 21 08:41:07 ip-172-31-27-233 kernel: [    1.581707] acpiphp: Slot [24] registered
Oct 21 08:41:07 ip-172-31-27-233 kernel: [    1.585527] acpiphp: Slot [25] registered
Oct 21 08:41:07 ip-172-31-27-233 kernel: [    1.592536] acpiphp: Slot [26] registered
Oct 21 08:41:07 ip-172-31-27-233 kernel: [    1.597531] acpiphp: Slot [27] registered
Oct 21 08:41:07 ip-172-31-27-233 kernel: [    1.601615] acpiphp: Slot [28] registered
Oct 21 08:41:07 ip-172-31-27-233 kernel: [    1.608250] acpiphp: Slot [29] registered
Oct 21 08:41:07 ip-172-31-27-233 kernel: [    1.613543] acpiphp: Slot [30] registered
Oct 21 08:41:07 ip-172-31-27-233 kernel: [    1.621083] acpiphp: Slot [31] registered
Oct 21 08:41:07 ip-172-31-27-233 kernel: [    1.625936] PCI host bridge to bus 0000:00
Oct 21 08:41:07 ip-172-31-27-233 kernel: [    1.629592] pci_bus 0000:00: root bus resource [io  0x0000-0x0cf7 window]
Oct 21 08:41:07 ip-172-31-27-233 kernel: [    1.633537] pci_bus 0000:00: root bus resource [io  0x0d00-0xffff window]
Oct 21 08:41:07 ip-172-31-27-233 kernel: [    1.637461] pci_bus 0000:00: root bus resource [mem 0x000a0000-0x000bffff window]
Oct 21 08:41:07 ip-172-31-27-233 kernel: [    1.641645] pci_bus 0000:00: root bus resource [mem 0xf0000000-0xfbffffff window]
Oct 21 08:41:07 ip-172-31-27-233 kernel: [    1.645903] pci_bus 0000:00: root bus resource [bus 00-ff]
Oct 21 08:41:07 ip-172-31-27-233 kernel: [    1.649822] pci 0000:00:00.0: [8086:1237] type 00 class 0x060000
Oct 21 08:41:07 ip-172-31-27-233 kernel: [    1.661746] pci 0000:00:01.0: [8086:7000] type 00 class 0x060100
Oct 21 08:41:07 ip-172-31-27-233 kernel: [    1.676262] pci 0000:00:01.1: [8086:7010] type 00 class 0x010180
Oct 21 08:41:07 ip-172-31-27-233 kernel: [    1.689726] pci 0000:00:01.1: reg 0x20: [io  0xc100-0xc10f]
Oct 21 08:41:07 ip-172-31-27-233 kernel: [    1.696693] pci 0000:00:01.1: legacy IDE quirk: reg 0x10: [io  0x01f0-0x01f7]
Oct 21 08:41:07 ip-172-31-27-233 kernel: [    1.701438] pci 0000:00:01.1: legacy IDE quirk: reg 0x14: [io  0x03f6]
Oct 21 08:41:07 ip-172-31-27-233 kernel: [    1.705384] pci 0000:00:01.1: legacy IDE quirk: reg 0x18: [io  0x0170-0x0177]
Oct 21 08:41:07 ip-172-31-27-233 kernel: [    1.709493] pci 0000:00:01.1: legacy IDE quirk: reg 0x1c: [io  0x0376]
Oct 21 08:41:07 ip-172-31-27-233 kernel: [    1.716987] * Found PM-Timer Bug on the chipset. Due to workarounds for a bug,
Oct 21 08:41:07 ip-172-31-27-233 kernel: [    1.716987] * this clock source is slow. Consider trying other clock sources
Oct 21 08:41:07 ip-172-31-27-233 kernel: [    1.722020] pci 0000:00:01.3: [8086:7113] type 00 class 0x068000
Oct 21 08:41:07 ip-172-31-27-233 kernel: [    1.732870] pci 0000:00:01.3: quirk: [io  0xb000-0xb03f] claimed by PIIX4 ACPI
Oct 21 08:41:07 ip-172-31-27-233 kernel: [    1.741863] pci 0000:00:02.0: [1013:00b8] type 00 class 0x030000
Oct 21 08:41:07 ip-172-31-27-233 kernel: [    1.749917] pci 0000:00:02.0: reg 0x10: [mem 0xf0000000-0xf1ffffff pref]
Oct 21 08:41:07 ip-172-31-27-233 kernel: [    1.753995] pci 0000:00:02.0: reg 0x14: [mem 0xf3000000-0xf3000fff]
Oct 21 08:41:07 ip-172-31-27-233 kernel: [    1.765010] pci 0000:00:02.0: Video device with shadowed ROM at [mem 0x000c0000-0x000dffff]
Oct 21 08:41:07 ip-172-31-27-233 kernel: [    1.773184] pci 0000:00:03.0: [5853:0001] type 00 class 0xff8000
Oct 21 08:41:07 ip-172-31-27-233 kernel: [    1.780473] pci 0000:00:03.0: reg 0x10: [io  0xc000-0xc0ff]
Oct 21 08:41:07 ip-172-31-27-233 kernel: [    1.785929] pci 0000:00:03.0: reg 0x14: [mem 0xf2000000-0xf2ffffff pref]
Oct 21 08:41:07 ip-172-31-27-233 kernel: [    1.813991] ACPI: PCI: Interrupt link LNKA configured for IRQ 5
Oct 21 08:41:07 ip-172-31-27-233 kernel: [    1.817856] ACPI: PCI: Interrupt link LNKB configured for IRQ 10
Oct 21 08:41:07 ip-172-31-27-233 kernel: [    1.821814] ACPI: PCI: Interrupt link LNKC configured for IRQ 11
Oct 21 08:41:07 ip-172-31-27-233 kernel: [    1.825678] ACPI: PCI: Interrupt link LNKD configured for IRQ 5
Oct 21 08:41:07 ip-172-31-27-233 kernel: [    1.857944] xen:balloon: Initialising balloon driver
Oct 21 08:41:07 ip-172-31-27-233 kernel: [    1.861533] iommu: Default domain type: Translated 
Oct 21 08:41:07 ip-172-31-27-233 kernel: [    1.865355] iommu: DMA domain TLB invalidation policy: lazy mode 
Oct 21 08:41:07 ip-172-31-27-233 kernel: [    1.869647] SCSI subsystem initialized
Oct 21 08:41:07 ip-172-31-27-233 kernel: [    1.873336] libata version 3.00 loaded.
Oct 21 08:41:07 ip-172-31-27-233 kernel: [    1.873361] ACPI: bus type USB registered
Oct 21 08:41:07 ip-172-31-27-233 kernel: [    1.877438] usbcore: registered new interface driver usbfs
Oct 21 08:41:07 ip-172-31-27-233 kernel: [    1.881431] usbcore: registered new interface driver hub
Oct 21 08:41:07 ip-172-31-27-233 kernel: [    1.885410] usbcore: registered new device driver usb
Oct 21 08:41:07 ip-172-31-27-233 kernel: [    1.889514] pps_core: LinuxPPS API ver. 1 registered
Oct 21 08:41:07 ip-172-31-27-233 kernel: [    1.893334] pps_core: Software ver. 5.3.6 - Copyright 2005-2007 Rodolfo Giometti <giometti@linux.it>
Oct 21 08:41:07 ip-172-31-27-233 kernel: [    1.897669] PTP clock support registered
Oct 21 08:41:07 ip-172-31-27-233 kernel: [    1.901475] EDAC MC: Ver: 3.0.0
Oct 21 08:41:07 ip-172-31-27-233 kernel: [    1.908586] NetLabel: Initializing
Oct 21 08:41:07 ip-172-31-27-233 kernel: [    1.913910] NetLabel:  domain hash size = 128
Oct 21 08:41:07 ip-172-31-27-233 kernel: [    1.917332] NetLabel:  protocols = UNLABELED CIPSOv4 CALIPSO
Oct 21 08:41:07 ip-172-31-27-233 kernel: [    1.921463] NetLabel:  unlabeled traffic allowed by default
Oct 21 08:41:07 ip-172-31-27-233 kernel: [    1.925431] mctp: management component transport protocol core
Oct 21 08:41:07 ip-172-31-27-233 kernel: [    1.929478] NET: Registered PF_MCTP protocol family
Oct 21 08:41:07 ip-172-31-27-233 kernel: [    1.933338] PCI: Using ACPI for IRQ routing
Oct 21 08:41:07 ip-172-31-27-233 kernel: [    1.937526] PCI: pci_cache_line_size set to 64 bytes
Oct 21 08:41:07 ip-172-31-27-233 kernel: [    1.940851] e820: reserve RAM buffer [mem 0x0009e000-0x0009ffff]
Oct 21 08:41:07 ip-172-31-27-233 kernel: [    1.940975] pci 0000:00:02.0: vgaarb: setting as boot VGA device
Oct 21 08:41:07 ip-172-31-27-233 kernel: [    1.944175] pci 0000:00:02.0: vgaarb: bridge control possible
Oct 21 08:41:07 ip-172-31-27-233 kernel: [    1.944175] pci 0000:00:02.0: vgaarb: VGA device added: decodes=io+mem,owns=io+mem,locks=none
Oct 21 08:41:07 ip-172-31-27-233 kernel: [    1.944184] vgaarb: loaded
Oct 21 08:41:07 ip-172-31-27-233 kernel: [    1.952722] hpet: 3 channels of 0 reserved for per-cpu timers
Oct 21 08:41:07 ip-172-31-27-233 kernel: [    1.957436] hpet0: at MMIO 0xfed00000, IRQs 2, 8, 0
Oct 21 08:41:07 ip-172-31-27-233 kernel: [    1.961265] hpet0: 3 comparators, 64-bit 62.500000 MHz counter
Oct 21 08:41:07 ip-172-31-27-233 kernel: [    1.972221] clocksource: Switched to clocksource xen
Oct 21 08:41:07 ip-172-31-27-233 kernel: [    1.991363] VFS: Disk quotas dquot_6.6.0
Oct 21 08:41:07 ip-172-31-27-233 kernel: [    1.996651] VFS: Dquot-cache hash table entries: 512 (order 0, 4096 bytes)
Oct 21 08:41:07 ip-172-31-27-233 kernel: [    2.004351] AppArmor: AppArmor Filesystem Enabled
Oct 21 08:41:07 ip-172-31-27-233 kernel: [    2.010373] pnp: PnP ACPI init
Oct 21 08:41:07 ip-172-31-27-233 kernel: [    2.014770] system 00:00: [mem 0x00000000-0x0009ffff] could not be reserved
Oct 21 08:41:07 ip-172-31-27-233 kernel: [    2.023923] system 00:01: [io  0x08a0-0x08a3] has been reserved
Oct 21 08:41:07 ip-172-31-27-233 kernel: [    2.030652] system 00:01: [io  0x0cc0-0x0ccf] has been reserved
Oct 21 08:41:07 ip-172-31-27-233 kernel: [    2.037056] system 00:01: [io  0x04d0-0x04d1] has been reserved
Oct 21 08:41:07 ip-172-31-27-233 kernel: [    2.043311] xen: --> pirq=17 -> irq=8 (gsi=8)
Oct 21 08:41:07 ip-172-31-27-233 kernel: [    2.043371] xen: --> pirq=18 -> irq=12 (gsi=12)
Oct 21 08:41:07 ip-172-31-27-233 kernel: [    2.043415] xen: --> pirq=19 -> irq=1 (gsi=1)
Oct 21 08:41:07 ip-172-31-27-233 kernel: [    2.043464] xen: --> pirq=20 -> irq=6 (gsi=6)
Oct 21 08:41:07 ip-172-31-27-233 kernel: [    2.043467] pnp 00:05: [dma 2]
Oct 21 08:41:07 ip-172-31-27-233 kernel: [    2.043520] xen: --> pirq=21 -> irq=4 (gsi=4)
Oct 21 08:41:07 ip-172-31-27-233 kernel: [    2.043615] system 00:07: [io  0x10c0-0x1141] has been reserved
Oct 21 08:41:07 ip-172-31-27-233 kernel: [    2.049687] system 00:07: [io  0xb044-0xb047] has been reserved
Oct 21 08:41:07 ip-172-31-27-233 kernel: [    2.070175] pnp: PnP ACPI: found 8 devices
Oct 21 08:41:07 ip-172-31-27-233 kernel: [    2.080582] clocksource: acpi_pm: mask: 0xffffff max_cycles: 0xffffff, max_idle_ns: 2085701024 ns
Oct 21 08:41:07 ip-172-31-27-233 kernel: [    2.090041] NET: Registered PF_INET protocol family
Oct 21 08:41:07 ip-172-31-27-233 kernel: [    2.095418] IP idents hash table entries: 16384 (order: 5, 131072 bytes, linear)
Oct 21 08:41:07 ip-172-31-27-233 kernel: [    2.289871] tcp_listen_portaddr_hash hash table entries: 512 (order: 1, 8192 bytes, linear)
Oct 21 08:41:07 ip-172-31-27-233 kernel: [    2.297410] Table-perturb hash table entries: 65536 (order: 6, 262144 bytes, linear)
Oct 21 08:41:07 ip-172-31-27-233 kernel: [    2.304347] TCP established hash table entries: 8192 (order: 4, 65536 bytes, linear)
Oct 21 08:41:07 ip-172-31-27-233 kernel: [    2.312044] TCP bind hash table entries: 8192 (order: 6, 262144 bytes, linear)
Oct 21 08:41:07 ip-172-31-27-233 kernel: [    2.318895] TCP: Hash tables configured (established 8192 bind 8192)
Oct 21 08:41:07 ip-172-31-27-233 kernel: [    2.325257] MPTCP token hash table entries: 1024 (order: 2, 24576 bytes, linear)
Oct 21 08:41:07 ip-172-31-27-233 kernel: [    2.330556] UDP hash table entries: 512 (order: 2, 16384 bytes, linear)
Oct 21 08:41:07 ip-172-31-27-233 kernel: [    2.336229] UDP-Lite hash table entries: 512 (order: 2, 16384 bytes, linear)
Oct 21 08:41:07 ip-172-31-27-233 kernel: [    2.342771] NET: Registered PF_UNIX/PF_LOCAL protocol family
Oct 21 08:41:07 ip-172-31-27-233 kernel: [    2.347964] NET: Registered PF_XDP protocol family
Oct 21 08:41:07 ip-172-31-27-233 kernel: [    2.352704] pci_bus 0000:00: resource 4 [io  0x0000-0x0cf7 window]
Oct 21 08:41:07 ip-172-31-27-233 kernel: [    2.359416] pci_bus 0000:00: resource 5 [io  0x0d00-0xffff window]
Oct 21 08:41:07 ip-172-31-27-233 kernel: [    2.366347] pci_bus 0000:00: resource 6 [mem 0x000a0000-0x000bffff window]
Oct 21 08:41:07 ip-172-31-27-233 kernel: [    2.372624] pci_bus 0000:00: resource 7 [mem 0xf0000000-0xfbffffff window]
Oct 21 08:41:07 ip-172-31-27-233 kernel: [    2.380177] pci 0000:00:01.0: PIIX3: Enabling Passive Release
Oct 21 08:41:07 ip-172-31-27-233 kernel: [    2.386937] pci 0000:00:00.0: Limiting direct PCI/PCI transfers
Oct 21 08:41:07 ip-172-31-27-233 kernel: [    2.394323] PCI: CLS 0 bytes, default 64
Oct 21 08:41:07 ip-172-31-27-233 kernel: [    2.399509] Trying to unpack rootfs image as initramfs...
Oct 21 08:41:07 ip-172-31-27-233 kernel: [    2.405838] clocksource: tsc: mask: 0xffffffffffffffff max_cycles: 0x21273e86978, max_idle_ns: 440795214360 ns
Oct 21 08:41:07 ip-172-31-27-233 kernel: [    2.420667] Freeing initrd memory: 7108K
Oct 21 08:41:07 ip-172-31-27-233 kernel: [    2.426087] Initialise system trusted keyrings
Oct 21 08:41:07 ip-172-31-27-233 kernel: [    2.431505] Key type blacklist registered
Oct 21 08:41:07 ip-172-31-27-233 kernel: [    2.437169] workingset: timestamp_bits=36 max_order=18 bucket_order=0
Oct 21 08:41:07 ip-172-31-27-233 kernel: [    2.445449] zbud: loaded
Oct 21 08:41:07 ip-172-31-27-233 kernel: [    2.449395] squashfs: version 4.0 (2009/01/31) Phillip Lougher
Oct 21 08:41:07 ip-172-31-27-233 kernel: [    2.456840] fuse: init (API version 7.38)
Oct 21 08:41:07 ip-172-31-27-233 kernel: [    2.462306] integrity: Platform Keyring initialized
Oct 21 08:41:07 ip-172-31-27-233 kernel: [    2.466796] integrity: Machine keyring initialized
Oct 21 08:41:07 ip-172-31-27-233 kernel: [    2.481032] Key type asymmetric registered
Oct 21 08:41:07 ip-172-31-27-233 kernel: [    2.484816] Asymmetric key parser 'x509' registered
Oct 21 08:41:07 ip-172-31-27-233 kernel: [    2.488760] Block layer SCSI generic (bsg) driver version 0.4 loaded (major 243)
Oct 21 08:41:07 ip-172-31-27-233 kernel: [    2.493739] io scheduler mq-deadline registered
Oct 21 08:41:07 ip-172-31-27-233 kernel: [    2.496763] shpchp: Standard Hot Plug PCI Controller Driver version: 0.4
Oct 21 08:41:07 ip-172-31-27-233 kernel: [    2.500964] input: Power Button as /devices/LNXSYSTM:00/LNXPWRBN:00/input/input0
Oct 21 08:41:07 ip-172-31-27-233 kernel: [    2.505929] ACPI: button: Power Button [PWRF]
Oct 21 08:41:07 ip-172-31-27-233 kernel: [    2.509132] input: Sleep Button as /devices/LNXSYSTM:00/LNXSLPBN:00/input/input1
Oct 21 08:41:07 ip-172-31-27-233 kernel: [    2.514388] ACPI: button: Sleep Button [SLPF]
Oct 21 08:41:07 ip-172-31-27-233 kernel: [    2.525522] xen: --> pirq=22 -> irq=28 (gsi=28)
Oct 21 08:41:07 ip-172-31-27-233 kernel: [    2.525733] xen:grant_table: Grant tables using version 1 layout
Oct 21 08:41:07 ip-172-31-27-233 kernel: [    2.532784] Grant table initialized
Oct 21 08:41:07 ip-172-31-27-233 kernel: [    2.537441] Cannot get hvm parameter CONSOLE_EVTCHN (18): -22!
Oct 21 08:41:07 ip-172-31-27-233 kernel: [    2.544393] Serial: 8250/16550 driver, 4 ports, IRQ sharing enabled
Oct 21 08:41:07 ip-172-31-27-233 kernel: [    2.590323] 00:06: ttyS0 at I/O 0x3f8 (irq = 4, base_baud = 115200) is a 16550A
Oct 21 08:41:07 ip-172-31-27-233 kernel: [    2.617606] Linux agpgart interface v0.103
Oct 21 08:41:07 ip-172-31-27-233 kernel: [    2.625058] loop: module loaded
Oct 21 08:41:07 ip-172-31-27-233 kernel: [    2.628081] Invalid max_queues (4), will use default max: 1.
Oct 21 08:41:07 ip-172-31-27-233 kernel: [    2.634240] ata_piix 0000:00:01.1: version 2.13
Oct 21 08:41:07 ip-172-31-27-233 kernel: [    2.635158] scsi host0: ata_piix
Oct 21 08:41:07 ip-172-31-27-233 kernel: [    2.637933] scsi host1: ata_piix
Oct 21 08:41:07 ip-172-31-27-233 kernel: [    2.640430] ata1: PATA max MWDMA2 cmd 0x1f0 ctl 0x3f6 bmdma 0xc100 irq 14
Oct 21 08:41:07 ip-172-31-27-233 kernel: [    2.645066] ata2: PATA max MWDMA2 cmd 0x170 ctl 0x376 bmdma 0xc108 irq 15
Oct 21 08:41:07 ip-172-31-27-233 kernel: [    2.651861] tun: Universal TUN/TAP device driver, 1.6
Oct 21 08:41:07 ip-172-31-27-233 kernel: [    2.655514] PPP generic driver version 2.4.2
Oct 21 08:41:07 ip-172-31-27-233 kernel: [    2.658982] xen_netfront: Initialising Xen virtual ethernet driver
Oct 21 08:41:07 ip-172-31-27-233 kernel: [    2.668056] i8042: PNP: PS/2 Controller [PNP0303:PS2K,PNP0f13:PS2M] at 0x60,0x64 irq 1,12
Oct 21 08:41:07 ip-172-31-27-233 kernel: [    2.677118] serio: i8042 KBD port at 0x60,0x64 irq 1
Oct 21 08:41:07 ip-172-31-27-233 kernel: [    2.680543] serio: i8042 AUX port at 0x60,0x64 irq 12
Oct 21 08:41:07 ip-172-31-27-233 kernel: [    2.684199] mousedev: PS/2 mouse device common for all mice
Oct 21 08:41:07 ip-172-31-27-233 kernel: [    2.691696] input: AT Translated Set 2 keyboard as /devices/platform/i8042/serio0/input/input2
Oct 21 08:41:07 ip-172-31-27-233 kernel: [    2.700025] rtc_cmos 00:02: registered as rtc0
Oct 21 08:41:07 ip-172-31-27-233 kernel: [    2.705294] rtc_cmos 00:02: setting system clock to 2023-10-21T08:40:56 UTC (1697877656)
Oct 21 08:41:07 ip-172-31-27-233 kernel: [    2.715506] rtc_cmos 00:02: alarms up to one day, 114 bytes nvram, hpet irqs
Oct 21 08:41:07 ip-172-31-27-233 kernel: [    2.719977] i2c_dev: i2c /dev entries driver
Oct 21 08:41:07 ip-172-31-27-233 kernel: [    2.723742] device-mapper: core: CONFIG_IMA_DISABLE_HTABLE is disabled. Duplicate IMA measurements will not be recorded in the IMA log.
Oct 21 08:41:07 ip-172-31-27-233 kernel: [    2.732712] device-mapper: uevent: version 1.0.3
Oct 21 08:41:07 ip-172-31-27-233 kernel: [    2.737642] device-mapper: ioctl: 4.47.0-ioctl (2022-07-28) initialised: dm-devel@redhat.com
Oct 21 08:41:07 ip-172-31-27-233 kernel: [    2.747259] platform eisa.0: Probing EISA bus 0
Oct 21 08:41:07 ip-172-31-27-233 kernel: [    2.750526] platform eisa.0: EISA: Cannot allocate resource for mainboard
Oct 21 08:41:07 ip-172-31-27-233 kernel: [    2.756705] platform eisa.0: Cannot allocate resource for EISA slot 1
Oct 21 08:41:07 ip-172-31-27-233 kernel: [    2.763983] platform eisa.0: Cannot allocate resource for EISA slot 2
Oct 21 08:41:07 ip-172-31-27-233 kernel: [    2.770868] platform eisa.0: Cannot allocate resource for EISA slot 3
Oct 21 08:41:07 ip-172-31-27-233 kernel: [    2.777921] platform eisa.0: Cannot allocate resource for EISA slot 4
Oct 21 08:41:07 ip-172-31-27-233 kernel: [    2.785113] platform eisa.0: Cannot allocate resource for EISA slot 5
Oct 21 08:41:07 ip-172-31-27-233 kernel: [    2.792608] platform eisa.0: Cannot allocate resource for EISA slot 6
Oct 21 08:41:07 ip-172-31-27-233 kernel: [    2.799890] platform eisa.0: Cannot allocate resource for EISA slot 7
Oct 21 08:41:07 ip-172-31-27-233 kernel: [    2.807186] platform eisa.0: Cannot allocate resource for EISA slot 8
Oct 21 08:41:07 ip-172-31-27-233 kernel: [    2.814869] platform eisa.0: EISA: Detected 0 cards
Oct 21 08:41:07 ip-172-31-27-233 kernel: [    2.820952] intel_pstate: CPU model not supported
Oct 21 08:41:07 ip-172-31-27-233 kernel: [    2.829399] ledtrig-cpu: registered to indicate activity on CPUs
Oct 21 08:41:07 ip-172-31-27-233 kernel: [    2.834782] drop_monitor: Initializing network drop monitor service
Oct 21 08:41:07 ip-172-31-27-233 kernel: [    2.853653] NET: Registered PF_INET6 protocol family
Oct 21 08:41:07 ip-172-31-27-233 kernel: [    2.859332] Segment Routing with IPv6
Oct 21 08:41:07 ip-172-31-27-233 kernel: [    2.862411] In-situ OAM (IOAM) with IPv6
Oct 21 08:41:07 ip-172-31-27-233 kernel: [    2.865920] NET: Registered PF_PACKET protocol family
Oct 21 08:41:07 ip-172-31-27-233 kernel: [    2.872101] Key type dns_resolver registered
Oct 21 08:41:07 ip-172-31-27-233 kernel: [    2.877874] No MBM correction factor available
Oct 21 08:41:07 ip-172-31-27-233 kernel: [    2.883461] IPI shorthand broadcast: enabled
Oct 21 08:41:07 ip-172-31-27-233 kernel: [    2.889956] blkfront: xvda: barrier or flush: disabled; persistent grants: disabled; indirect descriptors: enabled; bounce buffer: disabled;
Oct 21 08:41:07 ip-172-31-27-233 kernel: [    2.905482] sched_clock: Marking stable (2228924846, 674045273)->(2962974960, -60004841)
Oct 21 08:41:07 ip-172-31-27-233 kernel: [    2.916305] registered taskstats version 1
Oct 21 08:41:07 ip-172-31-27-233 kernel: [    2.921910] Loading compiled-in X.509 certificates
Oct 21 08:41:07 ip-172-31-27-233 kernel: [    2.929287] Loaded X.509 cert 'Build time autogenerated kernel key: 5f9667c0331e44834da8676f20d83a7f6bc4c677'
Oct 21 08:41:07 ip-172-31-27-233 kernel: [    2.938215] Loaded X.509 cert 'Canonical Ltd. Live Patch Signing: 14df34d1a87cf37625abec039ef2bf521249b969'
Oct 21 08:41:07 ip-172-31-27-233 kernel: [    2.945737] Loaded X.509 cert 'Canonical Ltd. Kernel Module Signing: 88f752e560a1e0737e31163a466ad7b70a850c19'
Oct 21 08:41:07 ip-172-31-27-233 kernel: [    2.953635] blacklist: Loading compiled-in revocation X.509 certificates
Oct 21 08:41:07 ip-172-31-27-233 kernel: [    2.958568] Loaded X.509 cert 'Canonical Ltd. Secure Boot Signing: 61482aa2830d0ab2ad5af10b7250da9033ddcef0'
Oct 21 08:41:07 ip-172-31-27-233 kernel: [    2.965229] Loaded X.509 cert 'Canonical Ltd. Secure Boot Signing (2017): 242ade75ac4a15e50d50c84b0d45ff3eae707a03'
Oct 21 08:41:07 ip-172-31-27-233 kernel: [    2.972440] Loaded X.509 cert 'Canonical Ltd. Secure Boot Signing (ESM 2018): 365188c1d374d6b07c3c8f240f8ef722433d6a8b'
Oct 21 08:41:07 ip-172-31-27-233 kernel: [    2.979993] Loaded X.509 cert 'Canonical Ltd. Secure Boot Signing (2019): c0746fd6c5da3ae827864651ad66ae47fe24b3e8'
Oct 21 08:41:07 ip-172-31-27-233 kernel: [    2.987309] Loaded X.509 cert 'Canonical Ltd. Secure Boot Signing (2021 v1): a8d54bbb3825cfb94fa13c9f8a594a195c107b8d'
Oct 21 08:41:07 ip-172-31-27-233 kernel: [    2.994658] GPT:Primary header thinks Alt. header is not at the end of the disk.
Oct 21 08:41:07 ip-172-31-27-233 kernel: [    3.000043] GPT:16777215 != 41943039
Oct 21 08:41:07 ip-172-31-27-233 kernel: [    3.002843] GPT:Alternate GPT header not at the end of the disk.
Oct 21 08:41:07 ip-172-31-27-233 kernel: [    3.006928] GPT:16777215 != 41943039
Oct 21 08:41:07 ip-172-31-27-233 kernel: [    3.009679] GPT: Use GNU Parted to correct GPT errors.
Oct 21 08:41:07 ip-172-31-27-233 kernel: [    3.013458]  xvda: xvda1 xvda14 xvda15
Oct 21 08:41:07 ip-172-31-27-233 kernel: [    3.016179] Loaded X.509 cert 'Canonical Ltd. Secure Boot Signing (2021 v2): 4cf046892d6fd3c9a5b03f98d845f90851dc6a8c'
Oct 21 08:41:07 ip-172-31-27-233 kernel: [    3.026179] Loaded X.509 cert 'Canonical Ltd. Secure Boot Signing (2021 v3): 100437bb6de6e469b581e61cd66bce3ef4ed53af'
Oct 21 08:41:07 ip-172-31-27-233 kernel: [    3.043218] Loaded X.509 cert 'Canonical Ltd. Secure Boot Signing (Ubuntu Core 2019): c1d57b8f6b743f23ee41f4f7ee292f06eecadfb9'
Oct 21 08:41:07 ip-172-31-27-233 kernel: [    3.053685] zswap: loaded using pool lzo/zbud
Oct 21 08:41:07 ip-172-31-27-233 kernel: [    3.059552] Key type .fscrypt registered
Oct 21 08:41:07 ip-172-31-27-233 kernel: [    3.064514] Key type fscrypt-provisioning registered
Oct 21 08:41:07 ip-172-31-27-233 kernel: [    3.070016] Key type encrypted registered
Oct 21 08:41:07 ip-172-31-27-233 kernel: [    3.073335] AppArmor: AppArmor sha1 policy hashing enabled
Oct 21 08:41:07 ip-172-31-27-233 kernel: [    3.077731] ima: No TPM chip found, activating TPM-bypass!
Oct 21 08:41:07 ip-172-31-27-233 kernel: [    3.082641] Loading compiled-in module X.509 certificates
Oct 21 08:41:07 ip-172-31-27-233 kernel: [    3.090802] Loaded X.509 cert 'Build time autogenerated kernel key: 5f9667c0331e44834da8676f20d83a7f6bc4c677'
Oct 21 08:41:07 ip-172-31-27-233 kernel: [    3.103412] ima: Allocated hash algorithm: sha1
Oct 21 08:41:07 ip-172-31-27-233 kernel: [    3.109456] ima: No architecture policies found
Oct 21 08:41:07 ip-172-31-27-233 kernel: [    3.115405] evm: Initialising EVM extended attributes:
Oct 21 08:41:07 ip-172-31-27-233 kernel: [    3.121819] evm: security.selinux
Oct 21 08:41:07 ip-172-31-27-233 kernel: [    3.125796] evm: security.SMACK64
Oct 21 08:41:07 ip-172-31-27-233 kernel: [    3.128570] evm: security.SMACK64EXEC
Oct 21 08:41:07 ip-172-31-27-233 kernel: [    3.131477] evm: security.SMACK64TRANSMUTE
Oct 21 08:41:07 ip-172-31-27-233 kernel: [    3.134713] evm: security.SMACK64MMAP
Oct 21 08:41:07 ip-172-31-27-233 kernel: [    3.137673] evm: security.apparmor
Oct 21 08:41:07 ip-172-31-27-233 kernel: [    3.140302] evm: security.ima
Oct 21 08:41:07 ip-172-31-27-233 kernel: [    3.142742] evm: security.capability
Oct 21 08:41:07 ip-172-31-27-233 kernel: [    3.145470] evm: HMAC attrs: 0x1
Oct 21 08:41:07 ip-172-31-27-233 kernel: [    3.148691] PM:   Magic number: 11:582:675
Oct 21 08:41:07 ip-172-31-27-233 kernel: [    3.152146] vtconsole vtcon0: hash matches
Oct 21 08:41:07 ip-172-31-27-233 kernel: [    3.155423] RAS: Correctable Errors collector initialized.
Oct 21 08:41:07 ip-172-31-27-233 kernel: [    3.160893] md: Waiting for all devices to be available before autodetect
Oct 21 08:41:07 ip-172-31-27-233 kernel: [    3.164570] md: If you don't use raid, use raid=noautodetect
Oct 21 08:41:07 ip-172-31-27-233 kernel: [    3.167653] md: Autodetecting RAID arrays.
Oct 21 08:41:07 ip-172-31-27-233 kernel: [    3.170179] md: autorun ...
Oct 21 08:41:07 ip-172-31-27-233 kernel: [    3.172062] md: ... autorun DONE.
Oct 21 08:41:07 ip-172-31-27-233 kernel: [    3.189196] EXT4-fs (xvda1): mounted filesystem 4f575094-453e-450d-aeed-215d8cbcbf58 with ordered data mode. Quota mode: none.
Oct 21 08:41:07 ip-172-31-27-233 kernel: [    3.196099] VFS: Mounted root (ext4 filesystem) readonly on device 202:1.
Oct 21 08:41:07 ip-172-31-27-233 kernel: [    3.200387] devtmpfs: mounted
Oct 21 08:41:07 ip-172-31-27-233 kernel: [    3.204060] Freeing unused decrypted memory: 2036K
Oct 21 08:41:07 ip-172-31-27-233 kernel: [    3.208292] Freeing unused kernel image (initmem) memory: 4852K
Oct 21 08:41:07 ip-172-31-27-233 kernel: [    3.214069] Write protecting the kernel read-only data: 34816k
Oct 21 08:41:07 ip-172-31-27-233 kernel: [    3.217845] Freeing unused kernel image (rodata/data gap) memory: 1560K
Oct 21 08:41:07 ip-172-31-27-233 kernel: [    3.273301] x86/mm: Checked W+X mappings: passed, no W+X pages found.
Oct 21 08:41:07 ip-172-31-27-233 kernel: [    3.276496] x86/mm: Checking user space page tables
Oct 21 08:41:07 ip-172-31-27-233 kernel: [    3.328606] x86/mm: Checked W+X mappings: passed, no W+X pages found.
Oct 21 08:41:07 ip-172-31-27-233 kernel: [    3.331686] Run /sbin/init as init process
Oct 21 08:41:07 ip-172-31-27-233 kernel: [    3.333881]   with arguments:
Oct 21 08:41:07 ip-172-31-27-233 kernel: [    3.333883]     /sbin/init
Oct 21 08:41:07 ip-172-31-27-233 kernel: [    3.333884]   with environment:
Oct 21 08:41:07 ip-172-31-27-233 kernel: [    3.333885]     HOME=/
Oct 21 08:41:07 ip-172-31-27-233 kernel: [    3.333886]     TERM=linux
Oct 21 08:41:07 ip-172-31-27-233 kernel: [    3.333888]     BOOT_IMAGE=/boot/vmlinuz-6.2.0-1012-aws
Oct 21 08:41:07 ip-172-31-27-233 kernel: [    3.489238] systemd[1]: Inserted module 'autofs4'
Oct 21 08:41:07 ip-172-31-27-233 kernel: [    3.510130] systemd[1]: systemd 249.11-0ubuntu3.10 running in system mode (+PAM +AUDIT +SELINUX +APPARMOR +IMA +SMACK +SECCOMP +GCRYPT +GNUTLS +OPENSSL +ACL +BLKID +CURL +ELFUTILS +FIDO2 +IDN2 -IDN +IPTC +KMOD +LIBCRYPTSETUP +LIBFDISK +PCRE2 -PWQUALITY -P11KIT -QRENCODE +BZIP2 +LZ4 +XZ +ZLIB +ZSTD -XKBCOMMON +UTMP +SYSVINIT default-hierarchy=unified)
Oct 21 08:41:07 ip-172-31-27-233 kernel: [    3.673363] systemd[1]: Detected virtualization xen.
Oct 21 08:41:07 ip-172-31-27-233 kernel: [    3.678812] systemd[1]: Detected architecture x86-64.
Oct 21 08:41:07 ip-172-31-27-233 kernel: [    3.690449] systemd[1]: Hostname set to <ubuntu>.
Oct 21 08:41:07 ip-172-31-27-233 kernel: [    3.698823] systemd[1]: Initializing machine ID from random generator.
Oct 21 08:41:07 ip-172-31-27-233 kernel: [    3.705840] systemd[1]: Installed transient /etc/machine-id file.
Oct 21 08:41:07 ip-172-31-27-233 kernel: [    4.045961] systemd[1]: Queued start job for default target Graphical Interface.
Oct 21 08:41:07 ip-172-31-27-233 kernel: [    4.062716] systemd[1]: Created slice Slice /system/modprobe.
Oct 21 08:41:07 ip-172-31-27-233 kernel: [    4.073100] systemd[1]: Created slice Slice /system/serial-getty.
Oct 21 08:41:07 ip-172-31-27-233 kernel: [    4.080973] systemd[1]: Created slice Slice /system/systemd-fsck.
Oct 21 08:41:07 ip-172-31-27-233 kernel: [    4.089430] systemd[1]: Created slice User and Session Slice.
Oct 21 08:41:07 ip-172-31-27-233 kernel: [    4.098347] systemd[1]: Started Forward Password Requests to Wall Directory Watch.
Oct 21 08:41:07 ip-172-31-27-233 kernel: [    4.107838] systemd[1]: Set up automount Arbitrary Executable File Formats File System Automount Point.
Oct 21 08:41:07 ip-172-31-27-233 kernel: [    4.120723] systemd[1]: Reached target Slice Units.
Oct 21 08:41:07 ip-172-31-27-233 kernel: [    4.126534] systemd[1]: Reached target Mounting snaps.
Oct 21 08:41:07 ip-172-31-27-233 kernel: [    4.132328] systemd[1]: Reached target Swaps.
Oct 21 08:41:07 ip-172-31-27-233 kernel: [    4.138916] systemd[1]: Reached target System Time Set.
Oct 21 08:41:07 ip-172-31-27-233 kernel: [    4.144761] systemd[1]: Reached target Local Verity Protected Volumes.
Oct 21 08:41:07 ip-172-31-27-233 kernel: [    4.152462] systemd[1]: Listening on Device-mapper event daemon FIFOs.
Oct 21 08:41:07 ip-172-31-27-233 kernel: [    4.159925] systemd[1]: Listening on LVM2 poll daemon socket.
Oct 21 08:41:07 ip-172-31-27-233 kernel: [    4.166441] systemd[1]: Listening on multipathd control socket.
Oct 21 08:41:07 ip-172-31-27-233 kernel: [    4.173502] systemd[1]: Listening on Syslog Socket.
Oct 21 08:41:07 ip-172-31-27-233 kernel: [    4.179118] systemd[1]: Listening on fsck to fsckd communication Socket.
Oct 21 08:41:07 ip-172-31-27-233 kernel: [    4.186936] systemd[1]: Listening on initctl Compatibility Named Pipe.
Oct 21 08:41:07 ip-172-31-27-233 kernel: [    4.193767] systemd[1]: Listening on Journal Audit Socket.
Oct 21 08:41:07 ip-172-31-27-233 kernel: [    4.199908] systemd[1]: Listening on Journal Socket (/dev/log).
Oct 21 08:41:07 ip-172-31-27-233 kernel: [    4.206681] systemd[1]: Listening on Journal Socket.
Oct 21 08:41:07 ip-172-31-27-233 kernel: [    4.212269] systemd[1]: Listening on Network Service Netlink Socket.
Oct 21 08:41:07 ip-172-31-27-233 kernel: [    4.219717] systemd[1]: Listening on udev Control Socket.
Oct 21 08:41:07 ip-172-31-27-233 kernel: [    4.226179] systemd[1]: Listening on udev Kernel Socket.
Oct 21 08:41:07 ip-172-31-27-233 kernel: [    4.238172] systemd[1]: Mounting Huge Pages File System...
Oct 21 08:41:07 ip-172-31-27-233 kernel: [    4.246674] systemd[1]: Mounting POSIX Message Queue File System...
Oct 21 08:41:07 ip-172-31-27-233 kernel: [    4.256104] systemd[1]: Mounting Kernel Debug File System...
Oct 21 08:41:07 ip-172-31-27-233 kernel: [    4.276961] systemd[1]: Mounting Kernel Trace File System...
Oct 21 08:41:07 ip-172-31-27-233 kernel: [    4.292569] systemd[1]: Starting Journal Service...
Oct 21 08:41:07 ip-172-31-27-233 kernel: [    4.322280] systemd[1]: Starting Set the console keyboard layout...
Oct 21 08:41:07 ip-172-31-27-233 kernel: [    4.366272] systemd[1]: Starting Create List of Static Device Nodes...
Oct 21 08:41:07 ip-172-31-27-233 kernel: [    4.394187] systemd[1]: Starting Monitoring of LVM2 mirrors, snapshots etc. using dmeventd or progress polling...
Oct 21 08:41:07 ip-172-31-27-233 kernel: [    4.418117] systemd[1]: Condition check resulted in LXD - agent being skipped.
Oct 21 08:41:07 ip-172-31-27-233 kernel: [    4.438215] systemd[1]: Starting Load Kernel Module configfs...
Oct 21 08:41:07 ip-172-31-27-233 kernel: [    4.447055] systemd[1]: Starting Load Kernel Module drm...
Oct 21 08:41:07 ip-172-31-27-233 kernel: [    4.456256] systemd[1]: Starting Load Kernel Module efi_pstore...
Oct 21 08:41:07 ip-172-31-27-233 kernel: [    4.477283] systemd[1]: Starting Load Kernel Module fuse...
Oct 21 08:41:07 ip-172-31-27-233 kernel: [    4.493554] systemd[1]: Condition check resulted in OpenVSwitch configuration for cleanup being skipped.
Oct 21 08:41:07 ip-172-31-27-233 kernel: [    4.520684] ACPI: bus type drm_connector registered
Oct 21 08:41:07 ip-172-31-27-233 kernel: [    4.530217] systemd[1]: Starting File System Check on Root Device...
Oct 21 08:41:07 ip-172-31-27-233 kernel: [    4.542431] systemd[1]: Starting Load Kernel Modules...
Oct 21 08:41:07 ip-172-31-27-233 kernel: [    4.569775] systemd[1]: Starting Coldplug All udev Devices...
Oct 21 08:41:07 ip-172-31-27-233 kernel: [    4.578956] systemd[1]: Started Journal Service.
Oct 21 08:41:07 ip-172-31-27-233 kernel: [    4.779887] EXT4-fs (xvda1): re-mounted 4f575094-453e-450d-aeed-215d8cbcbf58. Quota mode: none.
Oct 21 08:41:07 ip-172-31-27-233 kernel: [    4.800891] alua: device handler registered
Oct 21 08:41:07 ip-172-31-27-233 kernel: [    4.803346] emc: device handler registered
Oct 21 08:41:07 ip-172-31-27-233 kernel: [    4.807402] rdac: device handler registered
Oct 21 08:41:07 ip-172-31-27-233 kernel: [    4.808885] systemd-journald[112]: Received client request to flush runtime journal.
Oct 21 08:41:07 ip-172-31-27-233 kernel: [    5.261818] FDC 0 is a S82078B
Oct 21 08:41:07 ip-172-31-27-233 kernel: [    5.434516] cryptd: max_cpu_qlen set to 1000
Oct 21 08:41:07 ip-172-31-27-233 kernel: [    5.479821] AVX2 version of gcm_enc/dec engaged.
Oct 21 08:41:07 ip-172-31-27-233 kernel: [    5.479844] AES CTR mode by8 optimization enabled
Oct 21 08:41:07 ip-172-31-27-233 kernel: [    5.830155] loop0: detected capacity change from 0 to 50352
Oct 21 08:41:07 ip-172-31-27-233 kernel: [    5.837644] loop1: detected capacity change from 0 to 113992
Oct 21 08:41:07 ip-172-31-27-233 kernel: [    5.850436] loop2: detected capacity change from 0 to 129976
Oct 21 08:41:07 ip-172-31-27-233 kernel: [    5.868325] loop3: detected capacity change from 0 to 229272
Oct 21 08:41:07 ip-172-31-27-233 kernel: [    5.876426] loop4: detected capacity change from 0 to 83648
Oct 21 08:41:07 ip-172-31-27-233 kernel: [    6.176831] audit: type=1400 audit(1697877659.968:2): apparmor="STATUS" operation="profile_load" profile="unconfined" name="lsb_release" pid=231 comm="apparmor_parser"
Oct 21 08:41:07 ip-172-31-27-233 kernel: [    6.293807] audit: type=1400 audit(1697877660.084:3): apparmor="STATUS" operation="profile_load" profile="unconfined" name="nvidia_modprobe" pid=240 comm="apparmor_parser"
Oct 21 08:41:07 ip-172-31-27-233 kernel: [    6.300897] audit: type=1400 audit(1697877660.092:4): apparmor="STATUS" operation="profile_load" profile="unconfined" name="nvidia_modprobe//kmod" pid=240 comm="apparmor_parser"
Oct 21 08:41:07 ip-172-31-27-233 kernel: [    6.529130] audit: type=1400 audit(1697877660.320:5): apparmor="STATUS" operation="profile_load" profile="unconfined" name="/usr/lib/NetworkManager/nm-dhcp-client.action" pid=241 comm="apparmor_parser"
Oct 21 08:41:07 ip-172-31-27-233 kernel: [    6.530284] audit: type=1400 audit(1697877660.324:6): apparmor="STATUS" operation="profile_load" profile="unconfined" name="/usr/lib/NetworkManager/nm-dhcp-helper" pid=241 comm="apparmor_parser"
Oct 21 08:41:07 ip-172-31-27-233 kernel: [    6.531324] audit: type=1400 audit(1697877660.324:7): apparmor="STATUS" operation="profile_load" profile="unconfined" name="/usr/lib/connman/scripts/dhclient-script" pid=241 comm="apparmor_parser"
Oct 21 08:41:07 ip-172-31-27-233 kernel: [    6.532709] audit: type=1400 audit(1697877660.324:8): apparmor="STATUS" operation="profile_load" profile="unconfined" name="/{,usr/}sbin/dhclient" pid=241 comm="apparmor_parser"
Oct 21 08:41:07 ip-172-31-27-233 kernel: [    6.554074] input: ImExPS/2 Generic Explorer Mouse as /devices/platform/i8042/serio1/input/input4
Oct 21 08:41:07 ip-172-31-27-233 kernel: [    6.641990] audit: type=1400 audit(1697877660.432:9): apparmor="STATUS" operation="profile_load" profile="unconfined" name="/usr/bin/man" pid=242 comm="apparmor_parser"
Oct 21 08:41:07 ip-172-31-27-233 kernel: [    6.642926] audit: type=1400 audit(1697877660.436:10): apparmor="STATUS" operation="profile_load" profile="unconfined" name="man_filter" pid=242 comm="apparmor_parser"
Oct 21 08:41:07 ip-172-31-27-233 kernel: [    6.643844] audit: type=1400 audit(1697877660.436:11): apparmor="STATUS" operation="profile_load" profile="unconfined" name="man_groff" pid=242 comm="apparmor_parser"
Oct 21 08:41:07 ip-172-31-27-233 kernel: [    6.769054] audit: type=1400 audit(1697877660.560:12): apparmor="STATUS" operation="profile_load" profile="unconfined" name="tcpdump" pid=243 comm="apparmor_parser"
Oct 21 08:41:07 ip-172-31-27-233 kernel: [   11.650366] EXT4-fs (xvda1): resizing filesystem from 2068731 to 5214459 blocks
Oct 21 08:41:07 ip-172-31-27-233 kernel: [   11.748004] EXT4-fs (xvda1): resized filesystem to 5214459
Oct 21 08:41:07 ip-172-31-27-233 systemd-fsck[128]: cloudimg-rootfs: clean, 74163/1032192 files, 484252/2068731 blocks
Oct 21 08:41:07 ip-172-31-27-233 systemd[1]: Mounted Huge Pages File System.
Oct 21 08:41:07 ip-172-31-27-233 systemd[1]: Mounted POSIX Message Queue File System.
Oct 21 08:41:07 ip-172-31-27-233 systemd[1]: Mounted Kernel Debug File System.
Oct 21 08:41:07 ip-172-31-27-233 systemd[1]: Mounted Kernel Trace File System.
Oct 21 08:41:07 ip-172-31-27-233 systemd[1]: Finished Set the console keyboard layout.
Oct 21 08:41:07 ip-172-31-27-233 systemd[1]: Finished Create List of Static Device Nodes.
Oct 21 08:41:07 ip-172-31-27-233 systemd[1]: modprobe@configfs.service: Deactivated successfully.
Oct 21 08:41:07 ip-172-31-27-233 systemd[1]: Finished Load Kernel Module configfs.
Oct 21 08:41:07 ip-172-31-27-233 systemd[1]: modprobe@drm.service: Deactivated successfully.
Oct 21 08:41:07 ip-172-31-27-233 systemd[1]: Finished Load Kernel Module drm.
Oct 21 08:41:07 ip-172-31-27-233 systemd[1]: modprobe@efi_pstore.service: Deactivated successfully.
Oct 21 08:41:07 ip-172-31-27-233 systemd[1]: Finished Load Kernel Module efi_pstore.
Oct 21 08:41:07 ip-172-31-27-233 systemd[1]: modprobe@fuse.service: Deactivated successfully.
Oct 21 08:41:07 ip-172-31-27-233 systemd[1]: Finished Load Kernel Module fuse.
Oct 21 08:41:07 ip-172-31-27-233 systemd[1]: Finished File System Check on Root Device.
Oct 21 08:41:07 ip-172-31-27-233 systemd[1]: Finished Load Kernel Modules.
Oct 21 08:41:07 ip-172-31-27-233 systemd[1]: Mounting FUSE Control File System...
Oct 21 08:41:07 ip-172-31-27-233 systemd[1]: Mounting Kernel Configuration File System...
Oct 21 08:41:07 ip-172-31-27-233 systemd[1]: Started File System Check Daemon to report status.
Oct 21 08:41:07 ip-172-31-27-233 systemd[1]: Starting Remount Root and Kernel File Systems...
Oct 21 08:41:07 ip-172-31-27-233 systemd[1]: Starting Apply Kernel Variables...
Oct 21 08:41:07 ip-172-31-27-233 systemd[1]: Finished Coldplug All udev Devices.
Oct 21 08:41:07 ip-172-31-27-233 systemd[1]: Mounted FUSE Control File System.
Oct 21 08:41:07 ip-172-31-27-233 systemd[1]: Mounted Kernel Configuration File System.
Oct 21 08:41:07 ip-172-31-27-233 systemd[1]: Finished Apply Kernel Variables.
Oct 21 08:41:07 ip-172-31-27-233 systemd[1]: Finished Remount Root and Kernel File Systems.
Oct 21 08:41:07 ip-172-31-27-233 systemd[1]: Starting Device-Mapper Multipath Device Controller...
Oct 21 08:41:07 ip-172-31-27-233 systemd[1]: Starting Flush Journal to Persistent Storage...
Oct 21 08:41:07 ip-172-31-27-233 systemd[1]: Condition check resulted in Platform Persistent Storage Archival being skipped.
Oct 21 08:41:07 ip-172-31-27-233 systemd[1]: Starting Load/Save Random Seed...
Oct 21 08:41:07 ip-172-31-27-233 systemd[1]: Starting Create System Users...
Oct 21 08:41:07 ip-172-31-27-233 systemd[1]: Finished Load/Save Random Seed.
Oct 21 08:41:07 ip-172-31-27-233 systemd[1]: Finished Flush Journal to Persistent Storage.
Oct 21 08:41:07 ip-172-31-27-233 systemd[1]: Finished Create System Users.
Oct 21 08:41:07 ip-172-31-27-233 systemd[1]: Condition check resulted in First Boot Complete being skipped.
Oct 21 08:41:07 ip-172-31-27-233 systemd[1]: Starting Create Static Device Nodes in /dev...
Oct 21 08:41:07 ip-172-31-27-233 multipathd[150]: --------start up--------
Oct 21 08:41:07 ip-172-31-27-233 multipathd[150]: read /etc/multipath.conf
Oct 21 08:41:07 ip-172-31-27-233 multipathd[150]: path checkers start up
Oct 21 08:41:07 ip-172-31-27-233 systemd[1]: Started Device-Mapper Multipath Device Controller.
Oct 21 08:41:07 ip-172-31-27-233 systemd[1]: Finished Create Static Device Nodes in /dev.
Oct 21 08:41:07 ip-172-31-27-233 systemd[1]: Starting Rule-based Manager for Device Events and Files...
Oct 21 08:41:07 ip-172-31-27-233 systemd[1]: Started Rule-based Manager for Device Events and Files.
Oct 21 08:41:07 ip-172-31-27-233 systemd[1]: Condition check resulted in Show Plymouth Boot Screen being skipped.
Oct 21 08:41:07 ip-172-31-27-233 systemd[1]: Started Dispatch Password Requests to Console Directory Watch.
Oct 21 08:41:07 ip-172-31-27-233 systemd[1]: Condition check resulted in Forward Password Requests to Plymouth Directory Watch being skipped.
Oct 21 08:41:07 ip-172-31-27-233 systemd[1]: Reached target Local Encrypted Volumes.
Oct 21 08:41:07 ip-172-31-27-233 systemd[1]: Found device /dev/ttyS0.
Oct 21 08:41:07 ip-172-31-27-233 systemd-udevd[162]: Using default interface naming scheme 'v249'.
Oct 21 08:41:07 ip-172-31-27-233 systemd[1]: Listening on Load/Save RF Kill Switch Status /dev/rfkill Watch.
Oct 21 08:41:07 ip-172-31-27-233 systemd-udevd[169]: xvda: Process '/usr/bin/unshare -m /usr/bin/snap auto-import --mount=/dev/xvda' failed with exit code 1.
Oct 21 08:41:07 ip-172-31-27-233 systemd-udevd[165]: xvda1: Process '/usr/bin/unshare -m /usr/bin/snap auto-import --mount=/dev/xvda1' failed with exit code 1.
Oct 21 08:41:07 ip-172-31-27-233 systemd-udevd[167]: xvda14: Process '/usr/bin/unshare -m /usr/bin/snap auto-import --mount=/dev/xvda14' failed with exit code 1.
Oct 21 08:41:07 ip-172-31-27-233 systemd-udevd[168]: xvda15: Process '/usr/bin/unshare -m /usr/bin/snap auto-import --mount=/dev/xvda15' failed with exit code 1.
Oct 21 08:41:07 ip-172-31-27-233 systemd[1]: Found device /dev/disk/by-label/UEFI.
Oct 21 08:41:07 ip-172-31-27-233 systemd[1]: Finished Monitoring of LVM2 mirrors, snapshots etc. using dmeventd or progress polling.
Oct 21 08:41:07 ip-172-31-27-233 systemd[1]: Reached target Preparation for Local File Systems.
Oct 21 08:41:07 ip-172-31-27-233 systemd[1]: Mounting Mount unit for amazon-ssm-agent, revision 7528...
Oct 21 08:41:07 ip-172-31-27-233 systemd[1]: Mounting Mount unit for core18, revision 2790...
Oct 21 08:41:07 ip-172-31-27-233 systemd[1]: Mounting Mount unit for core20, revision 2015...
Oct 21 08:41:07 ip-172-31-27-233 systemd[1]: Mounting Mount unit for lxd, revision 24322...
Oct 21 08:41:07 ip-172-31-27-233 systemd[1]: Mounting Mount unit for snapd, revision 20092...
Oct 21 08:41:07 ip-172-31-27-233 systemd[1]: Starting File System Check on /dev/disk/by-label/UEFI...
Oct 21 08:41:07 ip-172-31-27-233 systemd[1]: Mounted Mount unit for amazon-ssm-agent, revision 7528.
Oct 21 08:41:07 ip-172-31-27-233 systemd[1]: Mounted Mount unit for core18, revision 2790.
Oct 21 08:41:07 ip-172-31-27-233 systemd[1]: Mounted Mount unit for core20, revision 2015.
Oct 21 08:41:07 ip-172-31-27-233 systemd[1]: Mounted Mount unit for lxd, revision 24322.
Oct 21 08:41:07 ip-172-31-27-233 systemd[1]: Mounted Mount unit for snapd, revision 20092.
Oct 21 08:41:07 ip-172-31-27-233 systemd[1]: Reached target Mounted snaps.
Oct 21 08:41:07 ip-172-31-27-233 systemd-fsck[215]: fsck.fat 4.2 (2021-01-31)
Oct 21 08:41:07 ip-172-31-27-233 systemd-fsck[215]: /dev/xvda15: 12 files, 12363/213716 clusters
Oct 21 08:41:07 ip-172-31-27-233 systemd[1]: Finished File System Check on /dev/disk/by-label/UEFI.
Oct 21 08:41:07 ip-172-31-27-233 systemd[1]: Mounting /boot/efi...
Oct 21 08:41:07 ip-172-31-27-233 systemd[1]: Mounted /boot/efi.
Oct 21 08:41:07 ip-172-31-27-233 systemd[1]: Reached target Local File Systems.
Oct 21 08:41:07 ip-172-31-27-233 systemd[1]: Starting Load AppArmor profiles...
Oct 21 08:41:07 ip-172-31-27-233 systemd[1]: Starting Set console font and keymap...
Oct 21 08:41:07 ip-172-31-27-233 apparmor.systemd[220]: Restarting AppArmor
Oct 21 08:41:07 ip-172-31-27-233 apparmor.systemd[220]: Reloading AppArmor profiles
Oct 21 08:41:07 ip-172-31-27-233 systemd[1]: Starting Create final runtime dir for shutdown pivot root...
Oct 21 08:41:07 ip-172-31-27-233 systemd[1]: Starting Tell Plymouth To Write Out Runtime Data...
Oct 21 08:41:07 ip-172-31-27-233 systemd[1]: Starting Set Up Additional Binary Formats...
Oct 21 08:41:07 ip-172-31-27-233 systemd[1]: Condition check resulted in Store a System Token in an EFI Variable being skipped.
Oct 21 08:41:07 ip-172-31-27-233 systemd[1]: Starting Commit a transient machine-id on disk...
Oct 21 08:41:07 ip-172-31-27-233 systemd[1]: Starting Create Volatile Files and Directories...
Oct 21 08:41:07 ip-172-31-27-233 systemd[1]: Starting Uncomplicated firewall...
Oct 21 08:41:07 ip-172-31-27-233 systemd[1]: Finished Set console font and keymap.
Oct 21 08:41:07 ip-172-31-27-233 systemd[1]: Finished Create final runtime dir for shutdown pivot root.
Oct 21 08:41:07 ip-172-31-27-233 systemd[1]: Finished Tell Plymouth To Write Out Runtime Data.
Oct 21 08:41:07 ip-172-31-27-233 systemd[1]: Finished Create Volatile Files and Directories.
Oct 21 08:41:07 ip-172-31-27-233 systemd[1]: etc-machine\x2did.mount: Deactivated successfully.
Oct 21 08:41:07 ip-172-31-27-233 systemd[1]: Finished Commit a transient machine-id on disk.
Oct 21 08:41:07 ip-172-31-27-233 systemd[1]: Finished Uncomplicated firewall.
Oct 21 08:41:07 ip-172-31-27-233 systemd[1]: proc-sys-fs-binfmt_misc.automount: Got automount request for /proc/sys/fs/binfmt_misc, triggered by 232 (systemd-binfmt)
Oct 21 08:41:07 ip-172-31-27-233 systemd[1]: Mounting Arbitrary Executable File Formats File System...
Oct 21 08:41:07 ip-172-31-27-233 systemd[1]: Starting Record System Boot/Shutdown in UTMP...
Oct 21 08:41:07 ip-172-31-27-233 systemd[1]: Mounted Arbitrary Executable File Formats File System.
Oct 21 08:41:07 ip-172-31-27-233 systemd[1]: Finished Set Up Additional Binary Formats.
Oct 21 08:41:07 ip-172-31-27-233 systemd[1]: Finished Record System Boot/Shutdown in UTMP.
Oct 21 08:41:07 ip-172-31-27-233 apparmor.systemd[246]: Skipping profile in /etc/apparmor.d/disable: usr.sbin.rsyslogd
Oct 21 08:41:07 ip-172-31-27-233 systemd[1]: Finished Load AppArmor profiles.
Oct 21 08:41:07 ip-172-31-27-233 systemd[1]: Starting Load AppArmor profiles managed internally by snapd...
Oct 21 08:41:07 ip-172-31-27-233 systemd[1]: Condition check resulted in Authentication service for virtual machines hosted on VMware being skipped.
Oct 21 08:41:07 ip-172-31-27-233 systemd[1]: Condition check resulted in Service for virtual machines hosted on VMware being skipped.
Oct 21 08:41:07 ip-172-31-27-233 systemd[1]: Starting Initial cloud-init job (pre-networking)...
Oct 21 08:41:07 ip-172-31-27-233 snapd-apparmor[247]: main.go:124: Loading profiles [/var/lib/snapd/apparmor/profiles/snap-confine.snapd.20092 /var/lib/snapd/apparmor/profiles/snap-update-ns.amazon-ssm-agent /var/lib/snapd/apparmor/profiles/snap-update-ns.lxd /var/lib/snapd/apparmor/profiles/snap.amazon-ssm-agent.amazon-ssm-agent /var/lib/snapd/apparmor/profiles/snap.amazon-ssm-agent.ssm-cli /var/lib/snapd/apparmor/profiles/snap.lxd.activate /var/lib/snapd/apparmor/profiles/snap.lxd.benchmark /var/lib/snapd/apparmor/profiles/snap.lxd.buginfo /var/lib/snapd/apparmor/profiles/snap.lxd.check-kernel /var/lib/snapd/apparmor/profiles/snap.lxd.daemon /var/lib/snapd/apparmor/profiles/snap.lxd.hook.configure /var/lib/snapd/apparmor/profiles/snap.lxd.hook.install /var/lib/snapd/apparmor/profiles/snap.lxd.hook.remove /var/lib/snapd/apparmor/profiles/snap.lxd.lxc /var/lib/snapd/apparmor/profiles/snap.lxd.lxc-to-lxd /var/lib/snapd/apparmor/profiles/snap.lxd.lxd /var/lib/snapd/apparmor/profiles/snap.lxd.migrate /var/lib/snapd/apparmor/profiles/snap.lxd.user-daemon]
Oct 21 08:41:07 ip-172-31-27-233 cloud-init[269]: Cloud-init v. 23.2.2-0ubuntu0~22.04.1 running 'init-local' at Sat, 21 Oct 2023 08:41:01 +0000. Up 7.31 seconds.
Oct 21 08:41:07 ip-172-31-27-233 dhclient[273]: Internet Systems Consortium DHCP Client 4.4.1
Oct 21 08:41:07 ip-172-31-27-233 dhclient[273]: Copyright 2004-2018 Internet Systems Consortium.
Oct 21 08:41:07 ip-172-31-27-233 dhclient[273]: All rights reserved.
Oct 21 08:41:07 ip-172-31-27-233 dhclient[273]: For info, please visit https://www.isc.org/software/dhcp/
Oct 21 08:41:07 ip-172-31-27-233 dhclient[273]: 
Oct 21 08:41:07 ip-172-31-27-233 dhclient[277]: execve (/bin/true, ...): Permission denied
Oct 21 08:41:07 ip-172-31-27-233 dhclient[273]: Listening on LPF/eth0/06:c4:8a:77:0b:d3
Oct 21 08:41:07 ip-172-31-27-233 dhclient[273]: Sending on   LPF/eth0/06:c4:8a:77:0b:d3
Oct 21 08:41:07 ip-172-31-27-233 dhclient[273]: Sending on   Socket/fallback
Oct 21 08:41:07 ip-172-31-27-233 dhclient[273]: DHCPDISCOVER on eth0 to 255.255.255.255 port 67 interval 3 (xid=0x6a2317d)
Oct 21 08:41:07 ip-172-31-27-233 dhclient[273]: DHCPOFFER of 172.31.27.233 from 172.31.16.1
Oct 21 08:41:07 ip-172-31-27-233 dhclient[273]: DHCPREQUEST for 172.31.27.233 on eth0 to 255.255.255.255 port 67 (xid=0x7d31a206)
Oct 21 08:41:07 ip-172-31-27-233 dhclient[273]: DHCPACK of 172.31.27.233 from 172.31.16.1 (xid=0x6a2317d)
Oct 21 08:41:07 ip-172-31-27-233 dhclient[278]: execve (/bin/true, ...): Permission denied
Oct 21 08:41:07 ip-172-31-27-233 dhclient[273]: bound to 172.31.27.233 -- renewal in 1626 seconds.
Oct 21 08:41:07 ip-172-31-27-233 systemd[1]: Condition check resulted in OpenVSwitch configuration for cleanup being skipped.
Oct 21 08:41:07 ip-172-31-27-233 systemd[1]: Finished Initial cloud-init job (pre-networking).
Oct 21 08:41:07 ip-172-31-27-233 systemd[1]: Reached target Preparation for Network.
Oct 21 08:41:07 ip-172-31-27-233 systemd[1]: Starting Network Configuration...
Oct 21 08:41:07 ip-172-31-27-233 systemd-networkd[309]: lo: Link UP
Oct 21 08:41:07 ip-172-31-27-233 systemd-networkd[309]: lo: Gained carrier
Oct 21 08:41:07 ip-172-31-27-233 systemd-networkd[309]: Enumeration completed
Oct 21 08:41:07 ip-172-31-27-233 systemd[1]: Started Network Configuration.
Oct 21 08:41:07 ip-172-31-27-233 systemd-networkd[309]: eth0: Link UP
Oct 21 08:41:07 ip-172-31-27-233 systemd-networkd[309]: eth0: Gained carrier
Oct 21 08:41:07 ip-172-31-27-233 systemd-networkd[309]: eth0: Link DOWN
Oct 21 08:41:07 ip-172-31-27-233 systemd-networkd[309]: eth0: Lost carrier
Oct 21 08:41:07 ip-172-31-27-233 systemd-networkd[309]: eth0: found matching network '/run/systemd/network/10-netplan-eth0.network', based on potentially unpredictable interface name.
Oct 21 08:41:07 ip-172-31-27-233 systemd-networkd[309]: eth0: Link UP
Oct 21 08:41:07 ip-172-31-27-233 systemd-networkd[309]: eth0: Gained carrier
Oct 21 08:41:07 ip-172-31-27-233 systemd-networkd[309]: eth0: DHCPv4 address 172.31.27.233/20 via 172.31.16.1
Oct 21 08:41:07 ip-172-31-27-233 systemd[1]: Starting Wait for Network to be Configured...
Oct 21 08:41:07 ip-172-31-27-233 systemd[1]: Starting Network Name Resolution...
Oct 21 08:41:07 ip-172-31-27-233 systemd-resolved[311]: Positive Trust Anchors:
Oct 21 08:41:07 ip-172-31-27-233 systemd-resolved[311]: . IN DS 20326 8 2 e06d44b80b8f1d39a95c0b0d7c65d08458e880409bbc683457104237c7f8ec8d
Oct 21 08:41:07 ip-172-31-27-233 systemd-resolved[311]: Negative trust anchors: home.arpa 10.in-addr.arpa 16.172.in-addr.arpa 17.172.in-addr.arpa 18.172.in-addr.arpa 19.172.in-addr.arpa 20.172.in-addr.arpa 21.172.in-addr.arpa 22.172.in-addr.arpa 23.172.in-addr.arpa 24.172.in-addr.arpa 25.172.in-addr.arpa 26.172.in-addr.arpa 27.172.in-addr.arpa 28.172.in-addr.arpa 29.172.in-addr.arpa 30.172.in-addr.arpa 31.172.in-addr.arpa 168.192.in-addr.arpa d.f.ip6.arpa corp home internal intranet lan local private test
Oct 21 08:41:07 ip-172-31-27-233 systemd-resolved[311]: Using system hostname 'ip-172-31-27-233'.
Oct 21 08:41:07 ip-172-31-27-233 systemd[1]: Started Network Name Resolution.
Oct 21 08:41:07 ip-172-31-27-233 systemd[1]: Reached target Network.
Oct 21 08:41:07 ip-172-31-27-233 systemd[1]: Reached target Host and Network Name Lookups.
Oct 21 08:41:07 ip-172-31-27-233 systemd[1]: Finished Load AppArmor profiles managed internally by snapd.
Oct 21 08:41:07 ip-172-31-27-233 systemd-networkd[309]: eth0: Gained IPv6LL
Oct 21 08:41:07 ip-172-31-27-233 systemd[1]: Finished Wait for Network to be Configured.
Oct 21 08:41:07 ip-172-31-27-233 systemd[1]: Starting Initial cloud-init job (metadata service crawler)...
Oct 21 08:41:07 ip-172-31-27-233 cloud-init[323]: Cloud-init v. 23.2.2-0ubuntu0~22.04.1 running 'init' at Sat, 21 Oct 2023 08:41:04 +0000. Up 10.03 seconds.
Oct 21 08:41:07 ip-172-31-27-233 cloud-init[323]: ci-info: ++++++++++++++++++++++++++++++++++++++Net device info++++++++++++++++++++++++++++++++++++++
Oct 21 08:41:07 ip-172-31-27-233 cloud-init[323]: ci-info: +--------+------+----------------------------+---------------+--------+-------------------+
Oct 21 08:41:07 ip-172-31-27-233 cloud-init[323]: ci-info: | Device |  Up  |          Address           |      Mask     | Scope  |     Hw-Address    |
Oct 21 08:41:07 ip-172-31-27-233 cloud-init[323]: ci-info: +--------+------+----------------------------+---------------+--------+-------------------+
Oct 21 08:41:07 ip-172-31-27-233 cloud-init[323]: ci-info: |  eth0  | True |       172.31.27.233        | 255.255.240.0 | global | 06:c4:8a:77:0b:d3 |
Oct 21 08:41:07 ip-172-31-27-233 cloud-init[323]: ci-info: |  eth0  | True | fe80::4c4:8aff:fe77:bd3/64 |       .       |  link  | 06:c4:8a:77:0b:d3 |
Oct 21 08:41:07 ip-172-31-27-233 cloud-init[323]: ci-info: |   lo   | True |         127.0.0.1          |   255.0.0.0   |  host  |         .         |
Oct 21 08:41:07 ip-172-31-27-233 cloud-init[323]: ci-info: |   lo   | True |          ::1/128           |       .       |  host  |         .         |
Oct 21 08:41:07 ip-172-31-27-233 cloud-init[323]: ci-info: +--------+------+----------------------------+---------------+--------+-------------------+
Oct 21 08:41:07 ip-172-31-27-233 cloud-init[323]: ci-info: ++++++++++++++++++++++++++++++Route IPv4 info++++++++++++++++++++++++++++++
Oct 21 08:41:07 ip-172-31-27-233 cloud-init[323]: ci-info: +-------+-------------+-------------+-----------------+-----------+-------+
Oct 21 08:41:07 ip-172-31-27-233 cloud-init[323]: ci-info: | Route | Destination |   Gateway   |     Genmask     | Interface | Flags |
Oct 21 08:41:07 ip-172-31-27-233 cloud-init[323]: ci-info: +-------+-------------+-------------+-----------------+-----------+-------+
Oct 21 08:41:07 ip-172-31-27-233 cloud-init[323]: ci-info: |   0   |   0.0.0.0   | 172.31.16.1 |     0.0.0.0     |    eth0   |   UG  |
Oct 21 08:41:07 ip-172-31-27-233 cloud-init[323]: ci-info: |   1   |  172.31.0.2 | 172.31.16.1 | 255.255.255.255 |    eth0   |  UGH  |
Oct 21 08:41:07 ip-172-31-27-233 cloud-init[323]: ci-info: |   2   | 172.31.16.0 |   0.0.0.0   |  255.255.240.0  |    eth0   |   U   |
Oct 21 08:41:07 ip-172-31-27-233 cloud-init[323]: ci-info: |   3   | 172.31.16.1 |   0.0.0.0   | 255.255.255.255 |    eth0   |   UH  |
Oct 21 08:41:07 ip-172-31-27-233 cloud-init[323]: ci-info: +-------+-------------+-------------+-----------------+-----------+-------+
Oct 21 08:41:07 ip-172-31-27-233 cloud-init[323]: ci-info: +++++++++++++++++++Route IPv6 info+++++++++++++++++++
Oct 21 08:41:07 ip-172-31-27-233 cloud-init[323]: ci-info: +-------+-------------+---------+-----------+-------+
Oct 21 08:41:07 ip-172-31-27-233 cloud-init[323]: ci-info: | Route | Destination | Gateway | Interface | Flags |
Oct 21 08:41:07 ip-172-31-27-233 cloud-init[323]: ci-info: +-------+-------------+---------+-----------+-------+
Oct 21 08:41:07 ip-172-31-27-233 cloud-init[323]: ci-info: |   1   |  fe80::/64  |    ::   |    eth0   |   U   |
Oct 21 08:41:07 ip-172-31-27-233 cloud-init[323]: ci-info: |   3   |    local    |    ::   |    eth0   |   U   |
Oct 21 08:41:07 ip-172-31-27-233 cloud-init[323]: ci-info: |   4   |  multicast  |    ::   |    eth0   |   U   |
Oct 21 08:41:07 ip-172-31-27-233 cloud-init[323]: ci-info: +-------+-------------+---------+-----------+-------+
Oct 21 08:41:07 ip-172-31-27-233 cloud-init[323]: Generating public/private rsa key pair.
Oct 21 08:41:07 ip-172-31-27-233 cloud-init[323]: Your identification has been saved in /etc/ssh/ssh_host_rsa_key
Oct 21 08:41:07 ip-172-31-27-233 cloud-init[323]: Your public key has been saved in /etc/ssh/ssh_host_rsa_key.pub
Oct 21 08:41:07 ip-172-31-27-233 cloud-init[323]: The key fingerprint is:
Oct 21 08:41:07 ip-172-31-27-233 cloud-init[323]: SHA256:cbEAE6y4ITl5p0+BHns6h3SpflSF/uIhyK52M/IW3kA root@ip-172-31-27-233
Oct 21 08:41:07 ip-172-31-27-233 cloud-init[323]: The key's randomart image is:
Oct 21 08:41:07 ip-172-31-27-233 cloud-init[323]: +---[RSA 3072]----+
Oct 21 08:41:07 ip-172-31-27-233 cloud-init[323]: |     .++. .      |
Oct 21 08:41:07 ip-172-31-27-233 cloud-init[323]: |      o... o     |
Oct 21 08:41:07 ip-172-31-27-233 cloud-init[323]: | o o o .. o      |
Oct 21 08:41:07 ip-172-31-27-233 cloud-init[323]: |= *E+ o  o       |
Oct 21 08:41:07 ip-172-31-27-233 cloud-init[323]: | *.O + .S        |
Oct 21 08:41:07 ip-172-31-27-233 cloud-init[323]: |  OoB o .        |
Oct 21 08:41:07 ip-172-31-27-233 cloud-init[323]: | o.X+o o         |
Oct 21 08:41:07 ip-172-31-27-233 cloud-init[323]: | o**+..          |
Oct 21 08:41:07 ip-172-31-27-233 cloud-init[323]: |oo*=o            |
Oct 21 08:41:07 ip-172-31-27-233 cloud-init[323]: +----[SHA256]-----+
Oct 21 08:41:07 ip-172-31-27-233 cloud-init[323]: Generating public/private dsa key pair.
Oct 21 08:41:07 ip-172-31-27-233 cloud-init[323]: Your identification has been saved in /etc/ssh/ssh_host_dsa_key
Oct 21 08:41:07 ip-172-31-27-233 cloud-init[323]: Your public key has been saved in /etc/ssh/ssh_host_dsa_key.pub
Oct 21 08:41:07 ip-172-31-27-233 cloud-init[323]: The key fingerprint is:
Oct 21 08:41:07 ip-172-31-27-233 cloud-init[323]: SHA256:aoJD1Qai1uyHsjGDCKDC7RVEjLNTkwsEmfnCWAI+Z3k root@ip-172-31-27-233
Oct 21 08:41:07 ip-172-31-27-233 cloud-init[323]: The key's randomart image is:
Oct 21 08:41:07 ip-172-31-27-233 cloud-init[323]: +---[DSA 1024]----+
Oct 21 08:41:07 ip-172-31-27-233 cloud-init[323]: |+.B.*+.          |
Oct 21 08:41:07 ip-172-31-27-233 cloud-init[323]: |*===.B.          |
Oct 21 08:41:07 ip-172-31-27-233 cloud-init[323]: |BB.B*E=          |
Oct 21 08:41:07 ip-172-31-27-233 cloud-init[323]: |Bo*=+o           |
Oct 21 08:41:07 ip-172-31-27-233 cloud-init[323]: |o=o+..  S        |
Oct 21 08:41:07 ip-172-31-27-233 cloud-init[323]: | .*..  .         |
Oct 21 08:41:07 ip-172-31-27-233 cloud-init[323]: | .o . o          |
Oct 21 08:41:07 ip-172-31-27-233 cloud-init[323]: |   . o           |
Oct 21 08:41:07 ip-172-31-27-233 cloud-init[323]: |                 |
Oct 21 08:41:07 ip-172-31-27-233 cloud-init[323]: +----[SHA256]-----+
Oct 21 08:41:07 ip-172-31-27-233 cloud-init[323]: Generating public/private ecdsa key pair.
Oct 21 08:41:07 ip-172-31-27-233 cloud-init[323]: Your identification has been saved in /etc/ssh/ssh_host_ecdsa_key
Oct 21 08:41:07 ip-172-31-27-233 cloud-init[323]: Your public key has been saved in /etc/ssh/ssh_host_ecdsa_key.pub
Oct 21 08:41:07 ip-172-31-27-233 cloud-init[323]: The key fingerprint is:
Oct 21 08:41:07 ip-172-31-27-233 cloud-init[323]: SHA256:dCf0lSJ80g2IpEO25EcSecf2fda+xicX23JD46qaEa0 root@ip-172-31-27-233
Oct 21 08:41:07 ip-172-31-27-233 cloud-init[323]: The key's randomart image is:
Oct 21 08:41:07 ip-172-31-27-233 cloud-init[323]: +---[ECDSA 256]---+
Oct 21 08:41:07 ip-172-31-27-233 cloud-init[323]: |      *+o+.o.o.. |
Oct 21 08:41:07 ip-172-31-27-233 cloud-init[323]: |     =.=o.O.+.o  |
Oct 21 08:41:07 ip-172-31-27-233 cloud-init[323]: |      =.ooo=oo  .|
Oct 21 08:41:07 ip-172-31-27-233 cloud-init[323]: |       + ..o. . +|
Oct 21 08:41:07 ip-172-31-27-233 cloud-init[323]: |        S. .   + |
Oct 21 08:41:07 ip-172-31-27-233 cloud-init[323]: |          o    +.|
Oct 21 08:41:07 ip-172-31-27-233 cloud-init[323]: |         E    + *|
Oct 21 08:41:07 ip-172-31-27-233 cloud-init[323]: |          o   oB=|
Oct 21 08:41:07 ip-172-31-27-233 cloud-init[323]: |         o....o=o|
Oct 21 08:41:07 ip-172-31-27-233 cloud-init[323]: +----[SHA256]-----+
Oct 21 08:41:07 ip-172-31-27-233 cloud-init[323]: Generating public/private ed25519 key pair.
Oct 21 08:41:07 ip-172-31-27-233 cloud-init[323]: Your identification has been saved in /etc/ssh/ssh_host_ed25519_key
Oct 21 08:41:07 ip-172-31-27-233 cloud-init[323]: Your public key has been saved in /etc/ssh/ssh_host_ed25519_key.pub
Oct 21 08:41:07 ip-172-31-27-233 cloud-init[323]: The key fingerprint is:
Oct 21 08:41:07 ip-172-31-27-233 cloud-init[323]: SHA256:AsadeoBMvDGDgmxxpGviiXZYxLpyopMGHuqZP7/Tyxw root@ip-172-31-27-233
Oct 21 08:41:07 ip-172-31-27-233 cloud-init[323]: The key's randomart image is:
Oct 21 08:41:07 ip-172-31-27-233 cloud-init[323]: +--[ED25519 256]--+
Oct 21 08:41:07 ip-172-31-27-233 cloud-init[323]: |o++o             |
Oct 21 08:41:07 ip-172-31-27-233 cloud-init[323]: |+=Oo . .         |
Oct 21 08:41:07 ip-172-31-27-233 cloud-init[323]: |o.oB= o          |
Oct 21 08:41:07 ip-172-31-27-233 cloud-init[323]: |  =. +           |
Oct 21 08:41:07 ip-172-31-27-233 cloud-init[323]: |.+ .. o S        |
Oct 21 08:41:07 ip-172-31-27-233 cloud-init[323]: |*.=  . .         |
Oct 21 08:41:07 ip-172-31-27-233 cloud-init[323]: |BBo.  .E         |
Oct 21 08:41:07 ip-172-31-27-233 cloud-init[323]: |B=+. .o..        |
Oct 21 08:41:07 ip-172-31-27-233 systemd[1]: Finished Initial cloud-init job (metadata service crawler).
Oct 21 08:41:07 ip-172-31-27-233 acpid: starting up with netlink and the input layer
Oct 21 08:41:07 ip-172-31-27-233 cloud-init[323]: |+=..ooo+.        |
Oct 21 08:41:07 ip-172-31-27-233 cloud-init[323]: +----[SHA256]-----+
Oct 21 08:41:07 ip-172-31-27-233 systemd[1]: Reached target Cloud-config availability.
Oct 21 08:41:07 ip-172-31-27-233 acpid: 2 rules loaded
Oct 21 08:41:07 ip-172-31-27-233 systemd[1]: Reached target Network is Online.
Oct 21 08:41:07 ip-172-31-27-233 acpid: waiting for events: event logging is off
Oct 21 08:41:07 ip-172-31-27-233 systemd[1]: Reached target System Initialization.
Oct 21 08:41:07 ip-172-31-27-233 cron[419]: (CRON) INFO (pidfile fd = 3)
Oct 21 08:41:07 ip-172-31-27-233 systemd[1]: Started ACPI Events Check.
Oct 21 08:41:07 ip-172-31-27-233 cron[419]: (CRON) INFO (Running @reboot jobs)
Oct 21 08:41:07 ip-172-31-27-233 systemd[1]: Condition check resulted in Process error reports when automatic reporting is enabled (file watch) being skipped.
Oct 21 08:41:07 ip-172-31-27-233 dbus-daemon[420]: [system] AppArmor D-Bus mediation is enabled
Oct 21 08:41:07 ip-172-31-27-233 systemd[1]: Condition check resulted in Process error reports when automatic reporting is enabled (timer based) being skipped.
Oct 21 08:41:07 ip-172-31-27-233 chronyd[430]: chronyd version 4.2 starting (+CMDMON +NTP +REFCLOCK +RTC +PRIVDROP +SCFILTER +SIGND +ASYNCDNS +NTS +SECHASH +IPV6 -DEBUG)
Oct 21 08:41:07 ip-172-31-27-233 systemd[1]: Started Daily Cleanup of Temporary Directories.
Oct 21 08:41:07 ip-172-31-27-233 dbus-daemon[420]: [system] Activating systemd to hand-off: service name='org.freedesktop.hostname1' unit='dbus-org.freedesktop.hostname1.service' requested by ':1.0' (uid=100 pid=309 comm="/lib/systemd/systemd-networkd " label="unconfined")
Oct 21 08:41:07 ip-172-31-27-233 systemd[1]: Condition check resulted in Ubuntu Pro Timer for running repeated jobs being skipped.
Oct 21 08:41:07 ip-172-31-27-233 chronyd[430]: Using right/UTC timezone to obtain leap second data
Oct 21 08:41:07 ip-172-31-27-233 systemd[1]: Started Download data for packages that failed at package install time.
Oct 21 08:41:07 ip-172-31-27-233 chronyd[430]: Loaded seccomp filter (level 1)
Oct 21 08:41:07 ip-172-31-27-233 networkd-dispatcher[442]: No valid path found for iwconfig
Oct 21 08:41:07 ip-172-31-27-233 networkd-dispatcher[442]: No valid path found for iw
Oct 21 08:41:07 ip-172-31-27-233 systemd[1]: Reached target Path Units.
Oct 21 08:41:07 ip-172-31-27-233 /usr/sbin/irqbalance: Balancing is ineffective on systems with a single cpu.  Shutting down
Oct 21 08:41:07 ip-172-31-27-233 snapd-aa-prompt-listener[462]: AA Prompt listener not implemented
Oct 21 08:41:07 ip-172-31-27-233 systemd[1]: Listening on ACPID Listen Socket.
Oct 21 08:41:07 ip-172-31-27-233 systemd[1]: Condition check resulted in Unix socket for apport crash forwarding being skipped.
Oct 21 08:41:07 ip-172-31-27-233 systemd[1]: Listening on cloud-init hotplug hook socket.
Oct 21 08:41:07 ip-172-31-27-233 systemd[1]: Listening on D-Bus System Message Bus Socket.
Oct 21 08:41:07 ip-172-31-27-233 systemd[1]: Listening on Open-iSCSI iscsid Socket.
Oct 21 08:41:07 ip-172-31-27-233 systemd[1]: Starting Socket activation for snappy daemon...
Oct 21 08:41:07 ip-172-31-27-233 systemd[1]: Listening on UUID daemon activation socket.
Oct 21 08:41:07 ip-172-31-27-233 systemd[1]: Condition check resulted in Login to default iSCSI targets being skipped.
Oct 21 08:41:07 ip-172-31-27-233 systemd[1]: Reached target Preparation for Remote File Systems.
Oct 21 08:41:07 ip-172-31-27-233 systemd[1]: Reached target Remote File Systems.
Oct 21 08:41:07 ip-172-31-27-233 systemd[1]: Finished Availability of block devices.
Oct 21 08:41:07 ip-172-31-27-233 systemd[1]: Listening on Socket activation for snappy daemon.
Oct 21 08:41:07 ip-172-31-27-233 systemd[1]: Reached target Socket Units.
Oct 21 08:41:07 ip-172-31-27-233 systemd[1]: Reached target Basic System.
Oct 21 08:41:07 ip-172-31-27-233 systemd[1]: Started ACPI event daemon.
Oct 21 08:41:07 ip-172-31-27-233 systemd[1]: Starting LSB: automatic crash report generation...
Oct 21 08:41:07 ip-172-31-27-233 systemd[1]: Starting chrony, an NTP client/server...
Oct 21 08:41:07 ip-172-31-27-233 systemd[1]: Started Regular background program processing daemon.
Oct 21 08:41:07 ip-172-31-27-233 systemd[1]: Started D-Bus System Message Bus.
Oct 21 08:41:07 ip-172-31-27-233 systemd[1]: Started Save initial kernel messages after boot.
Oct 21 08:41:07 ip-172-31-27-233 systemd[1]: Starting Remove Stale Online ext4 Metadata Check Snapshots...
Oct 21 08:41:07 ip-172-31-27-233 systemd[1]: Starting EC2 Instance Connect Host Key Harvesting...
Oct 21 08:41:07 ip-172-31-27-233 systemd[1]: Condition check resulted in getty on tty2-tty6 if dbus and logind are not available being skipped.
Oct 21 08:41:07 ip-172-31-27-233 systemd[1]: Starting Record successful boot for GRUB...
Oct 21 08:41:07 ip-172-31-27-233 systemd[1]: Started irqbalance daemon.
Oct 21 08:41:07 ip-172-31-27-233 systemd[1]: Starting Dispatcher daemon for systemd-networkd...
Oct 21 08:41:07 ip-172-31-27-233 systemd[1]: Starting Pollinate to seed the pseudo random number generator...
Oct 21 08:41:07 ip-172-31-27-233 systemd[1]: Starting System Logging Service...
Oct 21 08:41:07 ip-172-31-27-233 systemd[1]: Condition check resulted in Secure Boot updates for DB and DBX being skipped.
Oct 21 08:41:07 ip-172-31-27-233 systemd[1]: Started Userspace listener for prompt events.
Oct 21 08:41:07 ip-172-31-27-233 systemd[1]: Condition check resulted in Automatically repair incorrect owner/permissions on core devices being skipped.
Oct 21 08:41:07 ip-172-31-27-233 systemd[1]: Condition check resulted in Wait for the Ubuntu Core chooser trigger being skipped.
Oct 21 08:41:07 ip-172-31-27-233 systemd[1]: Reached target Preparation for Logins.
Oct 21 08:41:07 ip-172-31-27-233 systemd[1]: Starting Snap Daemon...
Oct 21 08:41:07 ip-172-31-27-233 systemd[1]: Starting User Login Management...
Oct 21 08:41:07 ip-172-31-27-233 systemd[1]: Starting Permit User Sessions...
Oct 21 08:41:07 ip-172-31-27-233 systemd[1]: Condition check resulted in Ubuntu Pro reboot cmds being skipped.
Oct 21 08:41:07 ip-172-31-27-233 systemd[1]: Started chrony, an NTP client/server.
Oct 21 08:41:07 ip-172-31-27-233 systemd[1]: e2scrub_reap.service: Deactivated successfully.
Oct 21 08:41:07 ip-172-31-27-233 systemd[1]: Finished Remove Stale Online ext4 Metadata Check Snapshots.
Oct 21 08:41:07 ip-172-31-27-233 systemd[1]: Started Dispatcher daemon for systemd-networkd.
Oct 21 08:41:07 ip-172-31-27-233 systemd[1]: irqbalance.service: Deactivated successfully.
Oct 21 08:41:07 ip-172-31-27-233 systemd[1]: snapd.aa-prompt-listener.service: Deactivated successfully.
Oct 21 08:41:07 ip-172-31-27-233 systemd[1]: Finished Permit User Sessions.
Oct 21 08:41:07 ip-172-31-27-233 systemd[1]: grub-common.service: Deactivated successfully.
Oct 21 08:41:07 ip-172-31-27-233 systemd[1]: Finished Record successful boot for GRUB.
Oct 21 08:41:07 ip-172-31-27-233 dbus-daemon[420]: [system] Successfully activated service 'org.freedesktop.systemd1'
Oct 21 08:41:07 ip-172-31-27-233 rsyslogd: imuxsock: Acquired UNIX socket '/run/systemd/journal/syslog' (fd 3) from systemd.  [v8.2112.0]
Oct 21 08:41:07 ip-172-31-27-233 rsyslogd: rsyslogd's groupid changed to 111
Oct 21 08:41:07 ip-172-31-27-233 rsyslogd: rsyslogd's userid changed to 104
Oct 21 08:41:07 ip-172-31-27-233 rsyslogd: [origin software="rsyslogd" swVersion="8.2112.0" x-pid="451" x-info="https://www.rsyslog.com"] start
Oct 21 08:41:07 ip-172-31-27-233 systemd[1]: Started System Logging Service.
Oct 21 08:41:07 ip-172-31-27-233 systemd[1]: Started User Login Management.
Oct 21 08:41:07 ip-172-31-27-233 apport[415]:  * Starting automatic crash report generation: apport
Oct 21 08:41:07 ip-172-31-27-233 apport[415]:    ...done.
Oct 21 08:41:07 ip-172-31-27-233 pollinate[448]: client sent challenge to [https://entropy.ubuntu.com/]
Oct 21 08:41:07 ip-172-31-27-233 systemd[1]: Started LSB: automatic crash report generation.
Oct 21 08:41:07 ip-172-31-27-233 systemd[1]: Reached target System Time Synchronized.
Oct 21 08:41:07 ip-172-31-27-233 systemd[1]: Started Daily apt download activities.
Oct 21 08:41:07 ip-172-31-27-233 systemd[1]: Started Daily apt upgrade and clean activities.
Oct 21 08:41:08 ip-172-31-27-233 systemd[1]: Started Daily dpkg database backup timer.
Oct 21 08:41:08 ip-172-31-27-233 systemd[1]: Started Periodic ext4 Online Metadata Check for All Filesystems.
Oct 21 08:41:08 ip-172-31-27-233 pollinate[448]: client verified challenge/response with [https://entropy.ubuntu.com/]
Oct 21 08:41:08 ip-172-31-27-233 systemd[1]: Started Discard unused blocks once a week.
Oct 21 08:41:08 ip-172-31-27-233 pollinate[448]: client hashed response from [https://entropy.ubuntu.com/]
Oct 21 08:41:08 ip-172-31-27-233 pollinate[448]: client successfully seeded [/dev/urandom]
Oct 21 08:41:08 ip-172-31-27-233 systemd[1]: Started Daily rotation of log files.
Oct 21 08:41:08 ip-172-31-27-233 systemd[1]: Started Daily man-db regeneration.
Oct 21 08:41:08 ip-172-31-27-233 systemd[1]: Started Message of the Day.
Oct 21 08:41:08 ip-172-31-27-233 systemd[1]: Condition check resulted in Timer to automatically fetch and run repair assertions being skipped.
Oct 21 08:41:08 ip-172-31-27-233 systemd[1]: Started Check to see whether there is a new version of Ubuntu available.
Oct 21 08:41:08 ip-172-31-27-233 systemd[1]: Reached target Timer Units.
Oct 21 08:41:08 ip-172-31-27-233 systemd[1]: Starting GRUB failed boot detection...
Oct 21 08:41:08 ip-172-31-27-233 systemd[1]: Starting Hold until boot process finishes up...
Oct 21 08:41:08 ip-172-31-27-233 systemd[1]: Starting Terminate Plymouth Boot Screen...
Oct 21 08:41:08 ip-172-31-27-233 systemd[1]: Starting Hostname Service...
Oct 21 08:41:08 ip-172-31-27-233 systemd[1]: Started Unattended Upgrades Shutdown.
Oct 21 08:41:08 ip-172-31-27-233 systemd[1]: ec2-instance-connect.service: Deactivated successfully.
Oct 21 08:41:08 ip-172-31-27-233 systemd[1]: Finished EC2 Instance Connect Host Key Harvesting.
Oct 21 08:41:08 ip-172-31-27-233 systemd[1]: pollinate.service: Deactivated successfully.
Oct 21 08:41:08 ip-172-31-27-233 systemd[1]: Finished Pollinate to seed the pseudo random number generator.
Oct 21 08:41:08 ip-172-31-27-233 systemd[1]: Finished Hold until boot process finishes up.
Oct 21 08:41:08 ip-172-31-27-233 systemd[1]: Finished Terminate Plymouth Boot Screen.
Oct 21 08:41:08 ip-172-31-27-233 systemd[1]: grub-initrd-fallback.service: Deactivated successfully.
Oct 21 08:41:08 ip-172-31-27-233 systemd[1]: Finished GRUB failed boot detection.
Oct 21 08:41:08 ip-172-31-27-233 systemd[1]: Started Serial Getty on ttyS0.
Oct 21 08:41:08 ip-172-31-27-233 systemd[1]: Starting Set console scheme...
Oct 21 08:41:08 ip-172-31-27-233 systemd[1]: Starting OpenBSD Secure Shell server...
Oct 21 08:41:08 ip-172-31-27-233 dbus-daemon[420]: [system] Successfully activated service 'org.freedesktop.hostname1'
Oct 21 08:41:08 ip-172-31-27-233 dbus-daemon[420]: [system] Activating via systemd: service name='org.freedesktop.PolicyKit1' unit='polkit.service' requested by ':1.8' (uid=0 pid=621 comm="/lib/systemd/systemd-hostnamed " label="unconfined")
Oct 21 08:41:08 ip-172-31-27-233 systemd[1]: Finished Set console scheme.
Oct 21 08:41:08 ip-172-31-27-233 systemd[1]: Started Hostname Service.
Oct 21 08:41:08 ip-172-31-27-233 systemd[1]: Created slice Slice /system/getty.
Oct 21 08:41:08 ip-172-31-27-233 systemd[1]: Started Getty on tty1.
Oct 21 08:41:08 ip-172-31-27-233 systemd[1]: Reached target Login Prompts.
Oct 21 08:41:08 ip-172-31-27-233 systemd[1]: Starting Authorization Manager...
Oct 21 08:41:08 ip-172-31-27-233 polkitd[628]: started daemon version 0.105 using authority implementation `local' version `0.105'
Oct 21 08:41:08 ip-172-31-27-233 dbus-daemon[420]: [system] Successfully activated service 'org.freedesktop.PolicyKit1'
Oct 21 08:41:08 ip-172-31-27-233 systemd[1]: Started Authorization Manager.
Oct 21 08:41:08 ip-172-31-27-233 systemd[1]: Started OpenBSD Secure Shell server.
Oct 21 08:41:08 ip-172-31-27-233 systemd-hostnamed[621]: Hostname set to <ip-172-31-27-233> (static)
Oct 21 08:41:09 ip-172-31-27-233 snapd[478]: overlord.go:272: Acquiring state lock file
Oct 21 08:41:09 ip-172-31-27-233 snapd[478]: overlord.go:277: Acquired state lock file
Oct 21 08:41:09 ip-172-31-27-233 snapd[478]: patch.go:64: Patching system state level 6 to sublevel 1...
Oct 21 08:41:09 ip-172-31-27-233 snapd[478]: patch.go:64: Patching system state level 6 to sublevel 2...
Oct 21 08:41:09 ip-172-31-27-233 snapd[478]: patch.go:64: Patching system state level 6 to sublevel 3...
Oct 21 08:41:09 ip-172-31-27-233 snapd[478]: daemon.go:247: started snapd/2.60.3 (series 16; classic) ubuntu/22.04 (amd64) linux/6.2.0-1012-aws.
Oct 21 08:41:09 ip-172-31-27-233 kernel: [   15.449240] loop5: detected capacity change from 0 to 8
Oct 21 08:41:09 ip-172-31-27-233 systemd[1]: tmp-syscheck\x2dmountpoint\x2d1029799775.mount: Deactivated successfully.
Oct 21 08:41:09 ip-172-31-27-233 snapd[478]: daemon.go:340: adjusting startup timeout by 55s (pessimistic estimate of 30s plus 5s per snap)
Oct 21 08:41:09 ip-172-31-27-233 snapd[478]: backends.go:58: AppArmor status: apparmor is enabled and all features are available (using snapd provided apparmor_parser)
Oct 21 08:41:09 ip-172-31-27-233 systemd[1]: Started Snap Daemon.
Oct 21 08:41:09 ip-172-31-27-233 systemd[1]: Starting Wait until snapd is fully seeded...
Oct 21 08:41:10 ip-172-31-27-233 systemd[1]: Started snap.lxd.hook.install-61510839-1380-49b1-814e-2e5613207ba4.scope.
Oct 21 08:41:10 ip-172-31-27-233 systemd[1]: tmp-snap.rootfs_HGFGjY.mount: Deactivated successfully.
Oct 21 08:41:11 ip-172-31-27-233 systemd[1]: snap.lxd.hook.install-61510839-1380-49b1-814e-2e5613207ba4.scope: Deactivated successfully.
Oct 21 08:41:11 ip-172-31-27-233 systemd[1]: Reloading.
Oct 21 08:41:12 ip-172-31-27-233 systemd[1]: Listening on Socket unix for snap application lxd.user-daemon.
Oct 21 08:41:12 ip-172-31-27-233 systemd[1]: dmesg.service: Deactivated successfully.
Oct 21 08:41:12 ip-172-31-27-233 systemd[1]: Listening on Socket unix for snap application lxd.daemon.
Oct 21 08:41:12 ip-172-31-27-233 systemd[1]: Starting Service for snap application lxd.activate...
Oct 21 08:41:12 ip-172-31-27-233 lxd.activate[747]: => Starting LXD activation
